Archive member included to satisfy reference by file (symbol)

c:/program files (x86)/atmel/studio/7.0/toolchain/arm/arm-gnu-toolchain/bin/../lib/gcc/arm-none-eabi/5.3.1/../../../../arm-none-eabi/lib/armv7e-m\libc.a(lib_a-exit.o)
                              c:/program files (x86)/atmel/studio/7.0/toolchain/arm/arm-gnu-toolchain/bin/../lib/gcc/arm-none-eabi/5.3.1/../../../../arm-none-eabi/lib/armv7e-m/crt0.o (exit)
c:/program files (x86)/atmel/studio/7.0/toolchain/arm/arm-gnu-toolchain/bin/../lib/gcc/arm-none-eabi/5.3.1/../../../../arm-none-eabi/lib/armv7e-m\libc.a(lib_a-impure.o)
                              c:/program files (x86)/atmel/studio/7.0/toolchain/arm/arm-gnu-toolchain/bin/../lib/gcc/arm-none-eabi/5.3.1/../../../../arm-none-eabi/lib/armv7e-m\libc.a(lib_a-exit.o) (_global_impure_ptr)
c:/program files (x86)/atmel/studio/7.0/toolchain/arm/arm-gnu-toolchain/bin/../lib/gcc/arm-none-eabi/5.3.1/../../../../arm-none-eabi/lib/armv7e-m\libc.a(lib_a-init.o)
                              c:/program files (x86)/atmel/studio/7.0/toolchain/arm/arm-gnu-toolchain/bin/../lib/gcc/arm-none-eabi/5.3.1/../../../../arm-none-eabi/lib/armv7e-m/crt0.o (__libc_init_array)
c:/program files (x86)/atmel/studio/7.0/toolchain/arm/arm-gnu-toolchain/bin/../lib/gcc/arm-none-eabi/5.3.1/../../../../arm-none-eabi/lib/armv7e-m\libc.a(lib_a-iprintf.o)
                              src/ASF/thirdparty/lwip/lwip-1.4.1/src/core/ipv4/icmp.o (iprintf)
c:/program files (x86)/atmel/studio/7.0/toolchain/arm/arm-gnu-toolchain/bin/../lib/gcc/arm-none-eabi/5.3.1/../../../../arm-none-eabi/lib/armv7e-m\libc.a(lib_a-memcmp.o)
                              src/ASF/thirdparty/lwip/lwip-1.4.1/src/netif/etharp.o (memcmp)
c:/program files (x86)/atmel/studio/7.0/toolchain/arm/arm-gnu-toolchain/bin/../lib/gcc/arm-none-eabi/5.3.1/../../../../arm-none-eabi/lib/armv7e-m\libc.a(lib_a-memcpy.o)
                              src/ASF/thirdparty/lwip/lwip-1.4.1/src/core/pbuf.o (memcpy)
c:/program files (x86)/atmel/studio/7.0/toolchain/arm/arm-gnu-toolchain/bin/../lib/gcc/arm-none-eabi/5.3.1/../../../../arm-none-eabi/lib/armv7e-m\libc.a(lib_a-memset.o)
                              c:/program files (x86)/atmel/studio/7.0/toolchain/arm/arm-gnu-toolchain/bin/../lib/gcc/arm-none-eabi/5.3.1/../../../../arm-none-eabi/lib/armv7e-m/crt0.o (memset)
c:/program files (x86)/atmel/studio/7.0/toolchain/arm/arm-gnu-toolchain/bin/../lib/gcc/arm-none-eabi/5.3.1/../../../../arm-none-eabi/lib/armv7e-m\libc.a(lib_a-puts.o)
                              src/Main.o (puts)
c:/program files (x86)/atmel/studio/7.0/toolchain/arm/arm-gnu-toolchain/bin/../lib/gcc/arm-none-eabi/5.3.1/../../../../arm-none-eabi/lib/armv7e-m\libc.a(lib_a-setbuf.o)
                              src/Main.o (setbuf)
c:/program files (x86)/atmel/studio/7.0/toolchain/arm/arm-gnu-toolchain/bin/../lib/gcc/arm-none-eabi/5.3.1/../../../../arm-none-eabi/lib/armv7e-m\libc.a(lib_a-setvbuf.o)
                              c:/program files (x86)/atmel/studio/7.0/toolchain/arm/arm-gnu-toolchain/bin/../lib/gcc/arm-none-eabi/5.3.1/../../../../arm-none-eabi/lib/armv7e-m\libc.a(lib_a-setbuf.o) (setvbuf)
c:/program files (x86)/atmel/studio/7.0/toolchain/arm/arm-gnu-toolchain/bin/../lib/gcc/arm-none-eabi/5.3.1/../../../../arm-none-eabi/lib/armv7e-m\libc.a(lib_a-strcat.o)
                              src/network/ethernet.o (strcat)
c:/program files (x86)/atmel/studio/7.0/toolchain/arm/arm-gnu-toolchain/bin/../lib/gcc/arm-none-eabi/5.3.1/../../../../arm-none-eabi/lib/armv7e-m\libc.a(lib_a-strcmp.o)
                              src/network/httpserver/fs.o (strcmp)
c:/program files (x86)/atmel/studio/7.0/toolchain/arm/arm-gnu-toolchain/bin/../lib/gcc/arm-none-eabi/5.3.1/../../../../arm-none-eabi/lib/armv7e-m\libc.a(lib_a-strcpy.o)
                              src/network/ethernet.o (strcpy)
c:/program files (x86)/atmel/studio/7.0/toolchain/arm/arm-gnu-toolchain/bin/../lib/gcc/arm-none-eabi/5.3.1/../../../../arm-none-eabi/lib/armv7e-m\libc.a(lib_a-strlen.o)
                              src/ASF/thirdparty/lwip/lwip-1.4.1/src/core/pbuf.o (strlen)
c:/program files (x86)/atmel/studio/7.0/toolchain/arm/arm-gnu-toolchain/bin/../lib/gcc/arm-none-eabi/5.3.1/../../../../arm-none-eabi/lib/armv7e-m\libc.a(lib_a-vfiprintf.o)
                              c:/program files (x86)/atmel/studio/7.0/toolchain/arm/arm-gnu-toolchain/bin/../lib/gcc/arm-none-eabi/5.3.1/../../../../arm-none-eabi/lib/armv7e-m\libc.a(lib_a-iprintf.o) (_vfiprintf_r)
c:/program files (x86)/atmel/studio/7.0/toolchain/arm/arm-gnu-toolchain/bin/../lib/gcc/arm-none-eabi/5.3.1/../../../../arm-none-eabi/lib/armv7e-m\libc.a(lib_a-wsetup.o)
                              c:/program files (x86)/atmel/studio/7.0/toolchain/arm/arm-gnu-toolchain/bin/../lib/gcc/arm-none-eabi/5.3.1/../../../../arm-none-eabi/lib/armv7e-m\libc.a(lib_a-vfiprintf.o) (__swsetup_r)
[...]
Memory Configuration

Name             Origin             Length             Attributes
rom              0x00400000         0x00200000         xr
ram              0x20400000         0x00060000         xrw
*default*        0x00000000         0xffffffff

Linker script and memory map

LOAD c:/program files (x86)/atmel/studio/7.0/toolchain/arm/arm-gnu-toolchain/bin/../lib/gcc/arm-none-eabi/5.3.1/armv7e-m/crti.o
LOAD c:/program files (x86)/atmel/studio/7.0/toolchain/arm/arm-gnu-toolchain/bin/../lib/gcc/arm-none-eabi/5.3.1/armv7e-m/crtbegin.o
LOAD c:/program files (x86)/atmel/studio/7.0/toolchain/arm/arm-gnu-toolchain/bin/../lib/gcc/arm-none-eabi/5.3.1/../../../../arm-none-eabi/lib/armv7e-m/crt0.o
LOAD src/ASF/common/services/clock/same70/sysclk.o
LOAD src/ASF/common/services/serial/usart_serial.o
LOAD src/ASF/common/utils/interrupt/interrupt_sam_nvic.o
LOAD src/ASF/common/utils/stdio/read.o
LOAD src/ASF/common/utils/stdio/write.o
LOAD src/ASF/sam/boards/same70_xplained/init.o
LOAD src/ASF/sam/components/ethernet_phy/ksz8081rna/ethernet_phy.o
LOAD src/ASF/sam/drivers/gmac/gmac_phy.o
LOAD src/ASF/sam/drivers/mpu/mpu.o
LOAD src/ASF/sam/drivers/pio/pio.o
LOAD src/ASF/sam/drivers/pio/pio_handler.o
LOAD src/ASF/sam/drivers/pmc/pmc.o
LOAD src/ASF/sam/drivers/pmc/sleep.o
LOAD src/ASF/sam/drivers/tc/tc.o
LOAD src/ASF/sam/drivers/uart/uart.o
LOAD src/ASF/sam/drivers/usart/usart.o
LOAD src/ASF/sam/utils/cmsis/same70/source/templates/gcc/startup_same70.o
LOAD src/ASF/sam/utils/cmsis/same70/source/templates/system_same70.o
LOAD src/ASF/sam/utils/syscalls/gcc/syscalls.o
LOAD src/ASF/thirdparty/lwip/lwip-1.4.1/src/api/api_lib.o
LOAD src/ASF/thirdparty/lwip/lwip-1.4.1/src/api/api_msg.o
LOAD src/ASF/thirdparty/lwip/lwip-1.4.1/src/api/err.o
LOAD src/ASF/thirdparty/lwip/lwip-1.4.1/src/api/netbuf.o
LOAD src/ASF/thirdparty/lwip/lwip-1.4.1/src/api/netdb.o
LOAD src/ASF/thirdparty/lwip/lwip-1.4.1/src/api/netifapi.o
LOAD src/ASF/thirdparty/lwip/lwip-1.4.1/src/api/sockets.o
LOAD src/ASF/thirdparty/lwip/lwip-1.4.1/src/api/tcpip.o
LOAD src/ASF/thirdparty/lwip/lwip-1.4.1/src/core/def.o
LOAD src/ASF/thirdparty/lwip/lwip-1.4.1/src/core/dhcp.o
LOAD src/ASF/thirdparty/lwip/lwip-1.4.1/src/core/dns.o
LOAD src/ASF/thirdparty/lwip/lwip-1.4.1/src/core/ipv4/autoip.o
LOAD src/ASF/thirdparty/lwip/lwip-1.4.1/src/core/ipv4/icmp.o
LOAD src/ASF/thirdparty/lwip/lwip-1.4.1/src/core/ipv4/igmp.o
LOAD src/ASF/thirdparty/lwip/lwip-1.4.1/src/core/ipv4/inet.o
LOAD src/ASF/thirdparty/lwip/lwip-1.4.1/src/core/ipv4/inet_chksum.o
LOAD src/ASF/thirdparty/lwip/lwip-1.4.1/src/core/ipv4/ip.o
LOAD src/ASF/thirdparty/lwip/lwip-1.4.1/src/core/ipv4/ip_addr.o
LOAD src/ASF/thirdparty/lwip/lwip-1.4.1/src/core/ipv4/ip_frag.o
LOAD src/ASF/thirdparty/lwip/lwip-1.4.1/src/core/lwip_init.o
LOAD src/ASF/thirdparty/lwip/lwip-1.4.1/src/core/lwip_timers_141.o
LOAD src/ASF/thirdparty/lwip/lwip-1.4.1/src/core/mem.o
LOAD src/ASF/thirdparty/lwip/lwip-1.4.1/src/core/memp.o
LOAD src/ASF/thirdparty/lwip/lwip-1.4.1/src/core/netif.o
LOAD src/ASF/thirdparty/lwip/lwip-1.4.1/src/core/pbuf.o
LOAD src/ASF/thirdparty/lwip/lwip-1.4.1/src/core/raw.o
LOAD src/ASF/thirdparty/lwip/lwip-1.4.1/src/core/stats.o
LOAD src/ASF/thirdparty/lwip/lwip-1.4.1/src/core/sys.o
LOAD src/ASF/thirdparty/lwip/lwip-1.4.1/src/core/tcp.o
LOAD src/ASF/thirdparty/lwip/lwip-1.4.1/src/core/tcp_in.o
LOAD src/ASF/thirdparty/lwip/lwip-1.4.1/src/core/tcp_out.o
LOAD src/ASF/thirdparty/lwip/lwip-1.4.1/src/core/udp.o
LOAD src/ASF/thirdparty/lwip/lwip-1.4.1/src/netif/etharp.o
LOAD src/ASF/thirdparty/lwip/lwip-port-1.4.1/sam/netif/same70_gmac.o
LOAD src/network/ethernet.o
LOAD src/network/httpserver/fs.o
LOAD src/network/httpserver/fsdata.o
LOAD src/network/httpserver/httpd.o
LOAD src/network/timer_mgt.o
LOAD src/Main.o
START GROUP
LOAD ../src/ASF/thirdparty/CMSIS/Lib/GCC\libarm_cortexM7lfsp_math_softfp.a
LOAD c:/program files (x86)/atmel/studio/7.0/toolchain/arm/arm-gnu-toolchain/bin/../lib/gcc/arm-none-eabi/5.3.1/../../../../arm-none-eabi/lib/armv7e-m\libm.a
END GROUP
                0x00000400                STACK_SIZE = 0x400
START GROUP
LOAD c:/program files (x86)/atmel/studio/7.0/toolchain/arm/arm-gnu-toolchain/bin/../lib/gcc/arm-none-eabi/5.3.1/armv7e-m\libgcc.a
LOAD c:/program files (x86)/atmel/studio/7.0/toolchain/arm/arm-gnu-toolchain/bin/../lib/gcc/arm-none-eabi/5.3.1/../../../../arm-none-eabi/lib/armv7e-m\libc.a
END GROUP
LOAD c:/program files (x86)/atmel/studio/7.0/toolchain/arm/arm-gnu-toolchain/bin/../lib/gcc/arm-none-eabi/5.3.1/armv7e-m/crtend.o
LOAD c:/program files (x86)/atmel/studio/7.0/toolchain/arm/arm-gnu-toolchain/bin/../lib/gcc/arm-none-eabi/5.3.1/armv7e-m/crtn.o
                0x00002000                STACK_SIZE = DEFINED (STACK_SIZE)?STACK_SIZE:0x2000
                0x2045fffc                __ram_end__ = ((ORIGIN (ram) + LENGTH (ram)) - 0x4)
                0x00000200                HEAP_SIZE = DEFINED (HEAP_SIZE)?HEAP_SIZE:0x200

.text           0x00400000     0xd8d0
                0x00400000                . = ALIGN (0x4)
                0x00400000                _sfixed = .
 *(.vectors .vectors.*)
 .vectors       0x00400000      0x140 src/ASF/sam/utils/cmsis/same70/source/templates/gcc/startup_same70.o
                0x00400000                exception_table
 *(.text .text.* .gnu.linkonce.t.*)
 .text          0x00400140       0x5c c:/program files (x86)/atmel/studio/7.0/toolchain/arm/arm-gnu-toolchain/bin/../lib/gcc/arm-none-eabi/5.3.1/armv7e-m/crtbegin.o
 .text.sysclk_init
                0x0040019c       0x74 src/ASF/common/services/clock/same70/sysclk.o
                0x0040019c                sysclk_init
 .text._read    0x00400210       0x40 src/ASF/common/utils/stdio/read.o
                0x00400210                _read
 .text._write   0x00400250       0x44 src/ASF/common/utils/stdio/write.o
                0x00400250                _write
 .text.ioport_set_pin_mode
                0x00400294       0x70 src/ASF/sam/boards/same70_xplained/init.o
 .text.board_init
                0x00400304      0x1a0 src/ASF/sam/boards/same70_xplained/init.o
                0x00400304                board_init
 .text.ethernet_phy_set_link
                0x004004a4       0x1c src/ASF/sam/components/ethernet_phy/ksz8081rna/ethernet_phy.o
                0x004004a4                ethernet_phy_set_link
 .text.ethernet_phy_auto_negotiate
                0x004004c0       0x74 src/ASF/sam/components/ethernet_phy/ksz8081rna/ethernet_phy.o
                0x004004c0                ethernet_phy_auto_negotiate
 .text.ethernet_phy_reset
                0x00400534       0x58 src/ASF/sam/components/ethernet_phy/ksz8081rna/ethernet_phy.o
                0x00400534                ethernet_phy_reset
 .text.ethernet_phy_init
                0x0040058c      0x150 src/ASF/sam/components/ethernet_phy/ksz8081rna/ethernet_phy.o
                0x0040058c                ethernet_phy_init
 .text.gmac_phy_read
                0x004006dc       0x54 src/ASF/sam/drivers/gmac/gmac_phy.o
                0x004006dc                gmac_phy_read
 .text.gmac_phy_write
                0x00400730       0x4c src/ASF/sam/drivers/gmac/gmac_phy.o
                0x00400730                gmac_phy_write
 .text.pio_set_peripheral
                0x0040077c       0x7c src/ASF/sam/drivers/pio/pio.o
                0x0040077c                pio_set_peripheral
 .text.pio_set_input
                0x004007f8       0x30 src/ASF/sam/drivers/pio/pio.o
                0x004007f8                pio_set_input
 .text.pio_set_output
                0x00400828       0x24 src/ASF/sam/drivers/pio/pio.o
                0x00400828                pio_set_output
 .text.pio_get_interrupt_status
                0x0040084c        0x4 src/ASF/sam/drivers/pio/pio.o
                0x0040084c                pio_get_interrupt_status
 .text.pio_get_interrupt_mask
                0x00400850        0x4 src/ASF/sam/drivers/pio/pio.o
                0x00400850                pio_get_interrupt_mask
 .text.pio_handler_process
                0x00400854       0x5c src/ASF/sam/drivers/pio/pio_handler.o
                0x00400854                pio_handler_process
 .text.PIOA_Handler
                0x004008b0       0x10 src/ASF/sam/drivers/pio/pio_handler.o
                0x004008b0                PIOA_Handler
 .text.PIOB_Handler
                0x004008c0       0x10 src/ASF/sam/drivers/pio/pio_handler.o
                0x004008c0                PIOB_Handler
 .text.PIOC_Handler
                0x004008d0       0x10 src/ASF/sam/drivers/pio/pio_handler.o
                0x004008d0                PIOC_Handler
 .text.PIOD_Handler
                0x004008e0       0x10 src/ASF/sam/drivers/pio/pio_handler.o
                0x004008e0                PIOD_Handler
 .text.PIOE_Handler
                0x004008f0       0x10 src/ASF/sam/drivers/pio/pio_handler.o
                0x004008f0                PIOE_Handler
 .text.pmc_mck_set_division
                0x00400900       0x2c src/ASF/sam/drivers/pmc/pmc.o
                0x00400900                pmc_mck_set_division
 .text.pmc_switch_mck_to_pllack
                0x0040092c       0x44 src/ASF/sam/drivers/pmc/pmc.o
                0x0040092c                pmc_switch_mck_to_pllack
 .text.pmc_switch_mainck_to_xtal
                0x00400970       0x50 src/ASF/sam/drivers/pmc/pmc.o
                0x00400970                pmc_switch_mainck_to_xtal
 .text.pmc_osc_is_ready_mainck
                0x004009c0       0x10 src/ASF/sam/drivers/pmc/pmc.o
                0x004009c0                pmc_osc_is_ready_mainck
 .text.pmc_disable_pllack
                0x004009d0       0x10 src/ASF/sam/drivers/pmc/pmc.o
                0x004009d0                pmc_disable_pllack
 .text.pmc_is_locked_pllack
                0x004009e0       0x10 src/ASF/sam/drivers/pmc/pmc.o
                0x004009e0                pmc_is_locked_pllack
 .text.pmc_enable_periph_clk
                0x004009f0       0x40 src/ASF/sam/drivers/pmc/pmc.o
                0x004009f0                pmc_enable_periph_clk
 .text.tc_init  0x00400a30       0x16 src/ASF/sam/drivers/tc/tc.o
                0x00400a30                tc_init
 .text.tc_start
                0x00400a46        0x8 src/ASF/sam/drivers/tc/tc.o
                0x00400a46                tc_start
 .text.tc_write_rc
                0x00400a4e        0x8 src/ASF/sam/drivers/tc/tc.o
                0x00400a4e                tc_write_rc
 .text.tc_enable_interrupt
                0x00400a56        0x8 src/ASF/sam/drivers/tc/tc.o
                0x00400a56                tc_enable_interrupt
 .text.tc_find_mck_divisor
                0x00400a5e       0x4a src/ASF/sam/drivers/tc/tc.o
                0x00400a5e                tc_find_mck_divisor
 .text.uart_init
                0x00400aa8       0x2c src/ASF/sam/drivers/uart/uart.o
                0x00400aa8                uart_init
 .text.uart_enable_interrupt
                0x00400ad4        0x4 src/ASF/sam/drivers/uart/uart.o
                0x00400ad4                uart_enable_interrupt
 .text.uart_write
                0x00400ad8       0x10 src/ASF/sam/drivers/uart/uart.o
                0x00400ad8                uart_write
 .text.uart_read
                0x00400ae8       0x12 src/ASF/sam/drivers/uart/uart.o
                0x00400ae8                uart_read
 .text.usart_write
                0x00400afa       0x14 src/ASF/sam/drivers/usart/usart.o
                0x00400afa                usart_write
 .text.usart_read
                0x00400b0e       0x16 src/ASF/sam/drivers/usart/usart.o
                0x00400b0e                usart_read
 .text.Dummy_Handler
                0x00400b24        0x2 src/ASF/sam/utils/cmsis/same70/source/templates/gcc/startup_same70.o
                0x00400b24                DACC_Handler
                0x00400b24                DebugMon_Handler
                0x00400b24                UART3_Handler
                0x00400b24                UART2_Handler
                0x00400b24                TRNG_Handler
                0x00400b24                HardFault_Handler
                0x00400b24                TC2_Handler
                0x00400b24                SysTick_Handler
                0x00400b24                AFEC1_Handler
                0x00400b24                PendSV_Handler
                0x00400b24                NMI_Handler
                0x00400b24                TC7_Handler
                0x00400b24                QSPI_Handler
                0x00400b24                ISI_Handler
                0x00400b24                TC9_Handler
                0x00400b24                RSWDT_Handler
                0x00400b24                MCAN1_Handler
                0x00400b24                USART0_Handler
                0x00400b24                RTT_Handler
                0x00400b24                USBHS_Handler
                0x00400b24                RTC_Handler
                0x00400b24                UsageFault_Handler
                0x00400b24                TC6_Handler
                0x00400b24                WDT_Handler
                0x00400b24                TC4_Handler
                0x00400b24                TC1_Handler
                0x00400b24                HSMCI_Handler
                0x00400b24                UART1_Handler
                0x00400b24                TC3_Handler
                0x00400b24                Dummy_Handler
                0x00400b24                TWIHS1_Handler
                0x00400b24                XDMAC_Handler
                0x00400b24                UART4_Handler
                0x00400b24                PWM1_Handler
                0x00400b24                USART1_Handler
                0x00400b24                PWM0_Handler
                0x00400b24                AFEC0_Handler
                0x00400b24                SSC_Handler
                0x00400b24                TC11_Handler
                0x00400b24                ACC_Handler
                0x00400b24                PMC_Handler
                0x00400b24                MemManage_Handler
                0x00400b24                SUPC_Handler
                0x00400b24                SVC_Handler
                0x00400b24                TC8_Handler
                0x00400b24                EFC_Handler
                0x00400b24                USART2_Handler
                0x00400b24                SDRAMC_Handler
                0x00400b24                SPI1_Handler
                0x00400b24                MCAN0_Handler
                0x00400b24                TC10_Handler
                0x00400b24                TWIHS2_Handler
                0x00400b24                UART0_Handler
                0x00400b24                BusFault_Handler
                0x00400b24                RSTC_Handler
                0x00400b24                TC5_Handler
                0x00400b24                ICM_Handler
                0x00400b24                AES_Handler
                0x00400b24                TWIHS0_Handler
                0x00400b24                SPI0_Handler
 *fill*         0x00400b26        0x2 
 .text.Reset_Handler
                0x00400b28       0xa8 src/ASF/sam/utils/cmsis/same70/source/templates/gcc/startup_same70.o
                0x00400b28                Reset_Handler
 .text.SystemCoreClockUpdate
                0x00400bd0       0xcc src/ASF/sam/utils/cmsis/same70/source/templates/system_same70.o
                0x00400bd0                SystemCoreClockUpdate
 .text.system_init_flash
                0x00400c9c       0x78 src/ASF/sam/utils/cmsis/same70/source/templates/system_same70.o
                0x00400c9c                system_init_flash
 .text._sbrk    0x00400d14       0x2c src/ASF/sam/utils/syscalls/gcc/syscalls.o
                0x00400d14                _sbrk
 .text._close   0x00400d40        0x6 src/ASF/sam/utils/syscalls/gcc/syscalls.o
                0x00400d40                _close
 .text._fstat   0x00400d46        0xa src/ASF/sam/utils/syscalls/gcc/syscalls.o
                0x00400d46                _fstat
 .text._isatty  0x00400d50        0x4 src/ASF/sam/utils/syscalls/gcc/syscalls.o
                0x00400d50                _isatty
 .text._lseek   0x00400d54        0x4 src/ASF/sam/utils/syscalls/gcc/syscalls.o
                0x00400d54                _lseek
 .text.lwip_htons
                0x00400d58        0x6 src/ASF/thirdparty/lwip/lwip-1.4.1/src/core/def.o
                0x00400d58                lwip_htons
 .text.lwip_ntohs
                0x00400d5e        0x6 src/ASF/thirdparty/lwip/lwip-1.4.1/src/core/def.o
                0x00400d5e                lwip_ntohs
 .text.lwip_htonl
                0x00400d64        0x4 src/ASF/thirdparty/lwip/lwip-1.4.1/src/core/def.o
                0x00400d64                lwip_htonl
 .text.lwip_ntohl
                0x00400d68        0x8 src/ASF/thirdparty/lwip/lwip-1.4.1/src/core/def.o
                0x00400d68                lwip_ntohl
 .text.icmp_send_response.isra.0
                0x00400d70       0xf0 src/ASF/thirdparty/lwip/lwip-1.4.1/src/core/ipv4/icmp.o
 .text.icmp_input
                0x00400e60      0x19c src/ASF/thirdparty/lwip/lwip-1.4.1/src/core/ipv4/icmp.o
                0x00400e60                icmp_input
 .text.icmp_dest_unreach
                0x00400ffc       0x10 src/ASF/thirdparty/lwip/lwip-1.4.1/src/core/ipv4/icmp.o
                0x00400ffc                icmp_dest_unreach
 .text.icmp_time_exceeded
                0x0040100c       0x10 src/ASF/thirdparty/lwip/lwip-1.4.1/src/core/ipv4/icmp.o
                0x0040100c                icmp_time_exceeded
 .text.lwip_standard_chksum
                0x0040101c       0x58 src/ASF/thirdparty/lwip/lwip-1.4.1/src/core/ipv4/inet_chksum.o
 .text.inet_chksum_pseudo
                0x00401074       0xb0 src/ASF/thirdparty/lwip/lwip-1.4.1/src/core/ipv4/inet_chksum.o
                0x00401074                inet_chksum_pseudo
 .text.inet_chksum
                0x00401124       0x10 src/ASF/thirdparty/lwip/lwip-1.4.1/src/core/ipv4/inet_chksum.o
                0x00401124                inet_chksum
 .text.inet_chksum_pbuf
                0x00401134       0x4c src/ASF/thirdparty/lwip/lwip-1.4.1/src/core/ipv4/inet_chksum.o
                0x00401134                inet_chksum_pbuf
 .text.ip_route
                0x00401180       0x54 src/ASF/thirdparty/lwip/lwip-1.4.1/src/core/ipv4/ip.o
                0x00401180                ip_route
 .text.ip_debug_print
                0x004011d4       0xd8 src/ASF/thirdparty/lwip/lwip-1.4.1/src/core/ipv4/ip.o
                0x004011d4                ip_debug_print
 .text.ip_input
                0x004012ac      0x260 src/ASF/thirdparty/lwip/lwip-1.4.1/src/core/ipv4/ip.o
                0x004012ac                ip_input
 .text.ip_output_if
                0x0040150c      0x130 src/ASF/thirdparty/lwip/lwip-1.4.1/src/core/ipv4/ip.o
                0x0040150c                ip_output_if
 .text.ip_output
                0x0040163c       0x58 src/ASF/thirdparty/lwip/lwip-1.4.1/src/core/ipv4/ip.o
                0x0040163c                ip_output
 .text.ip4_addr_isbroadcast
                0x00401694       0x38 src/ASF/thirdparty/lwip/lwip-1.4.1/src/core/ipv4/ip_addr.o
                0x00401694                ip4_addr_isbroadcast
 .text.ipaddr_ntoa_r
                0x004016cc       0x96 src/ASF/thirdparty/lwip/lwip-1.4.1/src/core/ipv4/ip_addr.o
                0x004016cc                ipaddr_ntoa_r
 *fill*         0x00401762        0x2 
 .text.ipaddr_ntoa
                0x00401764       0x10 src/ASF/thirdparty/lwip/lwip-1.4.1/src/core/ipv4/ip_addr.o
                0x00401764                ipaddr_ntoa
 .text.ip_reass_free_complete_datagram
                0x00401774       0xa4 src/ASF/thirdparty/lwip/lwip-1.4.1/src/core/ipv4/ip_frag.o
 .text.ip_reass_remove_oldest_datagram
                0x00401818       0x78 src/ASF/thirdparty/lwip/lwip-1.4.1/src/core/ipv4/ip_frag.o
 .text.ip_reass_tmr
                0x00401890       0x50 src/ASF/thirdparty/lwip/lwip-1.4.1/src/core/ipv4/ip_frag.o
                0x00401890                ip_reass_tmr
 .text.ip_reass
                0x004018e0      0x36c src/ASF/thirdparty/lwip/lwip-1.4.1/src/core/ipv4/ip_frag.o
                0x004018e0                ip_reass
 .text.ip_frag  0x00401c4c      0x120 src/ASF/thirdparty/lwip/lwip-1.4.1/src/core/ipv4/ip_frag.o
                0x00401c4c                ip_frag
 .text.lwip_init
                0x00401d6c       0x38 src/ASF/thirdparty/lwip/lwip-1.4.1/src/core/lwip_init.o
                0x00401d6c                lwip_init
 .text.sys_timeout_debug
                0x00401da4       0x84 src/ASF/thirdparty/lwip/lwip-1.4.1/src/core/lwip_timers_141.o
                0x00401da4                sys_timeout_debug
 .text.tcp_timer_needed
                0x00401e28       0x48 src/ASF/thirdparty/lwip/lwip-1.4.1/src/core/lwip_timers_141.o
                0x00401e28                tcp_timer_needed
 .text.tcpip_tcp_timer
                0x00401e70       0x48 src/ASF/thirdparty/lwip/lwip-1.4.1/src/core/lwip_timers_141.o
 .text.sys_timeouts_init
                0x00401eb8       0x44 src/ASF/thirdparty/lwip/lwip-1.4.1/src/core/lwip_timers_141.o
                0x00401eb8                sys_timeouts_init
 .text.arp_timer
                0x00401efc       0x38 src/ASF/thirdparty/lwip/lwip-1.4.1/src/core/lwip_timers_141.o
 .text.ip_reass_timer
                0x00401f34       0x38 src/ASF/thirdparty/lwip/lwip-1.4.1/src/core/lwip_timers_141.o
 .text.mem_init
                0x00401f6c       0x3c src/ASF/thirdparty/lwip/lwip-1.4.1/src/core/mem.o
                0x00401f6c                mem_init
 .text.mem_free
                0x00401fa8       0xa4 src/ASF/thirdparty/lwip/lwip-1.4.1/src/core/mem.o
                0x00401fa8                mem_free
 .text.mem_trim
                0x0040204c       0xc8 src/ASF/thirdparty/lwip/lwip-1.4.1/src/core/mem.o
                0x0040204c                mem_trim
 .text.mem_malloc
                0x00402114       0xc8 src/ASF/thirdparty/lwip/lwip-1.4.1/src/core/mem.o
                0x00402114                mem_malloc
 .text.memp_init
                0x004021dc       0x50 src/ASF/thirdparty/lwip/lwip-1.4.1/src/core/memp.o
                0x004021dc                memp_init
 .text.memp_malloc
                0x0040222c       0x54 src/ASF/thirdparty/lwip/lwip-1.4.1/src/core/memp.o
                0x0040222c                memp_malloc
 .text.memp_free
                0x00402280       0x14 src/ASF/thirdparty/lwip/lwip-1.4.1/src/core/memp.o
                0x00402280                memp_free
 .text.netif_init
                0x00402294        0x2 src/ASF/thirdparty/lwip/lwip-1.4.1/src/core/netif.o
                0x00402294                netif_init
 *fill*         0x00402296        0x2 
 .text.netif_set_ipaddr
                0x00402298       0xa0 src/ASF/thirdparty/lwip/lwip-1.4.1/src/core/netif.o
                0x00402298                netif_set_ipaddr
 .text.netif_set_gw
                0x00402338       0x38 src/ASF/thirdparty/lwip/lwip-1.4.1/src/core/netif.o
                0x00402338                netif_set_gw
 .text.netif_set_netmask
                0x00402370       0x38 src/ASF/thirdparty/lwip/lwip-1.4.1/src/core/netif.o
                0x00402370                netif_set_netmask
 .text.netif_set_addr
                0x004023a8       0x2c src/ASF/thirdparty/lwip/lwip-1.4.1/src/core/netif.o
                0x004023a8                netif_set_addr
 .text.netif_add
                0x004023d4       0xfc src/ASF/thirdparty/lwip/lwip-1.4.1/src/core/netif.o
                0x004023d4                netif_add
 .text.netif_set_default
                0x004024d0       0x28 src/ASF/thirdparty/lwip/lwip-1.4.1/src/core/netif.o
                0x004024d0                netif_set_default
 .text.netif_set_up
                0x004024f8       0x38 src/ASF/thirdparty/lwip/lwip-1.4.1/src/core/netif.o
                0x004024f8                netif_set_up
 .text.netif_set_status_callback
                0x00402530        0x6 src/ASF/thirdparty/lwip/lwip-1.4.1/src/core/netif.o
                0x00402530                netif_set_status_callback
 *fill*         0x00402536        0x2 
 .text.pbuf_header
                0x00402538       0x9c src/ASF/thirdparty/lwip/lwip-1.4.1/src/core/pbuf.o
                0x00402538                pbuf_header
 .text.pbuf_free
                0x004025d4       0x8c src/ASF/thirdparty/lwip/lwip-1.4.1/src/core/pbuf.o
                0x004025d4                pbuf_free
 .text.pbuf_alloc
                0x00402660      0x184 src/ASF/thirdparty/lwip/lwip-1.4.1/src/core/pbuf.o
                0x00402660                pbuf_alloc
 .text.pbuf_realloc
                0x004027e4       0x54 src/ASF/thirdparty/lwip/lwip-1.4.1/src/core/pbuf.o
                0x004027e4                pbuf_realloc
 .text.pbuf_clen
                0x00402838       0x10 src/ASF/thirdparty/lwip/lwip-1.4.1/src/core/pbuf.o
                0x00402838                pbuf_clen
 .text.pbuf_ref
                0x00402848        0xa src/ASF/thirdparty/lwip/lwip-1.4.1/src/core/pbuf.o
                0x00402848                pbuf_ref
 *fill*         0x00402852        0x2 
 .text.pbuf_cat
                0x00402854       0x3c src/ASF/thirdparty/lwip/lwip-1.4.1/src/core/pbuf.o
                0x00402854                pbuf_cat
 .text.pbuf_copy
                0x00402890       0xf0 src/ASF/thirdparty/lwip/lwip-1.4.1/src/core/pbuf.o
                0x00402890                pbuf_copy
 .text.pbuf_copy_partial
                0x00402980       0x9c src/ASF/thirdparty/lwip/lwip-1.4.1/src/core/pbuf.o
                0x00402980                pbuf_copy_partial
 .text.tcp_new_port
                0x00402a1c       0x54 src/ASF/thirdparty/lwip/lwip-1.4.1/src/core/tcp.o
 .text.tcp_init
                0x00402a70        0x2 src/ASF/thirdparty/lwip/lwip-1.4.1/src/core/tcp.o
                0x00402a70                tcp_init
 *fill*         0x00402a72        0x2 
 .text.tcp_bind
                0x00402a74       0xa4 src/ASF/thirdparty/lwip/lwip-1.4.1/src/core/tcp.o
                0x00402a74                tcp_bind
 .text.tcp_update_rcv_ann_wnd
                0x00402b18       0x34 src/ASF/thirdparty/lwip/lwip-1.4.1/src/core/tcp.o
                0x00402b18                tcp_update_rcv_ann_wnd
 .text.tcp_recved
                0x00402b4c       0x58 src/ASF/thirdparty/lwip/lwip-1.4.1/src/core/tcp.o
                0x00402b4c                tcp_recved
 .text.tcp_seg_free
                0x00402ba4       0x28 src/ASF/thirdparty/lwip/lwip-1.4.1/src/core/tcp.o
                0x00402ba4                tcp_seg_free
 .text.tcp_segs_free
                0x00402bcc       0x14 src/ASF/thirdparty/lwip/lwip-1.4.1/src/core/tcp.o
                0x00402bcc                tcp_segs_free
 .text.tcp_seg_copy
                0x00402be0       0x34 src/ASF/thirdparty/lwip/lwip-1.4.1/src/core/tcp.o
                0x00402be0                tcp_seg_copy
 .text.tcp_recv
                0x00402c14        0x6 src/ASF/thirdparty/lwip/lwip-1.4.1/src/core/tcp.o
                0x00402c14                tcp_recv
 .text.tcp_sent
                0x00402c1a        0x4 src/ASF/thirdparty/lwip/lwip-1.4.1/src/core/tcp.o
                0x00402c1a                tcp_sent
 *fill*         0x00402c1e        0x2 
 .text.tcp_pcb_purge
                0x00402c20       0x80 src/ASF/thirdparty/lwip/lwip-1.4.1/src/core/tcp.o
                0x00402c20                tcp_pcb_purge
 .text.tcp_slowtmr
                0x00402ca0      0x380 src/ASF/thirdparty/lwip/lwip-1.4.1/src/core/tcp.o
                0x00402ca0                tcp_slowtmr
 .text.tcp_pcb_remove
                0x00403020       0x6c src/ASF/thirdparty/lwip/lwip-1.4.1/src/core/tcp.o
                0x00403020                tcp_pcb_remove
 .text.tcp_close_shutdown
                0x0040308c      0x154 src/ASF/thirdparty/lwip/lwip-1.4.1/src/core/tcp.o
 .text.tcp_abandon
                0x004031e0       0xbc src/ASF/thirdparty/lwip/lwip-1.4.1/src/core/tcp.o
                0x004031e0                tcp_abandon
 .text.tcp_abort
                0x0040329c        0xc src/ASF/thirdparty/lwip/lwip-1.4.1/src/core/tcp.o
                0x0040329c                tcp_abort
 .text.tcp_next_iss
                0x004032a8       0x18 src/ASF/thirdparty/lwip/lwip-1.4.1/src/core/tcp.o
                0x004032a8                tcp_next_iss
 .text.tcp_alloc
                0x004032c0      0x148 src/ASF/thirdparty/lwip/lwip-1.4.1/src/core/tcp.o
                0x004032c0                tcp_alloc
 .text.tcp_new  0x00403408        0xc src/ASF/thirdparty/lwip/lwip-1.4.1/src/core/tcp.o
                0x00403408                tcp_new
 .text.tcp_eff_send_mss
                0x00403414       0x24 src/ASF/thirdparty/lwip/lwip-1.4.1/src/core/tcp.o
                0x00403414                tcp_eff_send_mss
 .text.tcp_connect
                0x00403438      0x148 src/ASF/thirdparty/lwip/lwip-1.4.1/src/core/tcp.o
                0x00403438                tcp_connect
 .text.tcp_debug_print_state
                0x00403580       0x18 src/ASF/thirdparty/lwip/lwip-1.4.1/src/core/tcp.o
                0x00403580                tcp_debug_print_state
 .text.tcp_close
                0x00403598       0x3c src/ASF/thirdparty/lwip/lwip-1.4.1/src/core/tcp.o
                0x00403598                tcp_close
 .text.tcp_recv_null
                0x004035d4       0x30 src/ASF/thirdparty/lwip/lwip-1.4.1/src/core/tcp.o
                0x004035d4                tcp_recv_null
 .text.tcp_process_refused_data
                0x00403604       0x98 src/ASF/thirdparty/lwip/lwip-1.4.1/src/core/tcp.o
                0x00403604                tcp_process_refused_data
 .text.tcp_fasttmr
                0x0040369c       0x8c src/ASF/thirdparty/lwip/lwip-1.4.1/src/core/tcp.o
                0x0040369c                tcp_fasttmr
 .text.tcp_tmr  0x00403728       0x2c src/ASF/thirdparty/lwip/lwip-1.4.1/src/core/tcp.o
                0x00403728                tcp_tmr
 .text.tcp_debug_print_flags
                0x00403754       0x7c src/ASF/thirdparty/lwip/lwip-1.4.1/src/core/tcp.o
                0x00403754                tcp_debug_print_flags
 .text.tcp_debug_print
                0x004037d0      0x10c src/ASF/thirdparty/lwip/lwip-1.4.1/src/core/tcp.o
                0x004037d0                tcp_debug_print
 .text.tcp_oos_insert_segment
                0x004038dc       0xa0 src/ASF/thirdparty/lwip/lwip-1.4.1/src/core/tcp_in.o
 .text.tcp_receive
                0x0040397c      0x9f4 src/ASF/thirdparty/lwip/lwip-1.4.1/src/core/tcp_in.o
 .text.tcp_parseopt.isra.0
                0x00404370       0xcc src/ASF/thirdparty/lwip/lwip-1.4.1/src/core/tcp_in.o
 .text.tcp_input
                0x0040443c      0xa6c src/ASF/thirdparty/lwip/lwip-1.4.1/src/core/tcp_in.o
                0x0040443c                tcp_input
 .text.tcp_create_segment
                0x00404ea8       0xf0 src/ASF/thirdparty/lwip/lwip-1.4.1/src/core/tcp_out.o
 .text.tcp_output_alloc_header.constprop.1
                0x00404f98       0x68 src/ASF/thirdparty/lwip/lwip-1.4.1/src/core/tcp_out.o
 .text.tcp_write
                0x00405000      0x3d4 src/ASF/thirdparty/lwip/lwip-1.4.1/src/core/tcp_out.o
                0x00405000                tcp_write
 .text.tcp_enqueue_flags
                0x004053d4      0x12c src/ASF/thirdparty/lwip/lwip-1.4.1/src/core/tcp_out.o
                0x004053d4                tcp_enqueue_flags
 .text.tcp_send_fin
                0x00405500       0x54 src/ASF/thirdparty/lwip/lwip-1.4.1/src/core/tcp_out.o
                0x00405500                tcp_send_fin
 .text.tcp_send_empty_ack
                0x00405554       0x90 src/ASF/thirdparty/lwip/lwip-1.4.1/src/core/tcp_out.o
                0x00405554                tcp_send_empty_ack
 .text.tcp_output
                0x004055e4      0x384 src/ASF/thirdparty/lwip/lwip-1.4.1/src/core/tcp_out.o
                0x004055e4                tcp_output
 .text.tcp_rst  0x00405968       0xc4 src/ASF/thirdparty/lwip/lwip-1.4.1/src/core/tcp_out.o
                0x00405968                tcp_rst
 .text.tcp_rexmit_rto
                0x00405a2c       0x2c src/ASF/thirdparty/lwip/lwip-1.4.1/src/core/tcp_out.o
                0x00405a2c                tcp_rexmit_rto
 .text.tcp_rexmit
                0x00405a58       0x58 src/ASF/thirdparty/lwip/lwip-1.4.1/src/core/tcp_out.o
                0x00405a58                tcp_rexmit
 .text.tcp_rexmit_fast
                0x00405ab0       0x90 src/ASF/thirdparty/lwip/lwip-1.4.1/src/core/tcp_out.o
                0x00405ab0                tcp_rexmit_fast
 .text.tcp_keepalive
                0x00405b40       0xb8 src/ASF/thirdparty/lwip/lwip-1.4.1/src/core/tcp_out.o
                0x00405b40                tcp_keepalive
 .text.tcp_zero_window_probe
                0x00405bf8      0x118 src/ASF/thirdparty/lwip/lwip-1.4.1/src/core/tcp_out.o
                0x00405bf8                tcp_zero_window_probe
 .text.udp_init
                0x00405d10        0x2 src/ASF/thirdparty/lwip/lwip-1.4.1/src/core/udp.o
                0x00405d10                udp_init
 *fill*         0x00405d12        0x2 
 .text.udp_debug_print
                0x00405d14       0x60 src/ASF/thirdparty/lwip/lwip-1.4.1/src/core/udp.o
                0x00405d14                udp_debug_print
 .text.udp_input
                0x00405d74      0x244 src/ASF/thirdparty/lwip/lwip-1.4.1/src/core/udp.o
                0x00405d74                udp_input
 .text.etharp_free_entry
                0x00405fb8       0x48 src/ASF/thirdparty/lwip/lwip-1.4.1/src/netif/etharp.o
 .text.etharp_find_entry
                0x00406000      0x154 src/ASF/thirdparty/lwip/lwip-1.4.1/src/netif/etharp.o
 .text.etharp_send_ip
                0x00406154       0x3c src/ASF/thirdparty/lwip/lwip-1.4.1/src/netif/etharp.o
 .text.etharp_tmr
                0x00406190       0x74 src/ASF/thirdparty/lwip/lwip-1.4.1/src/netif/etharp.o
                0x00406190                etharp_tmr
 .text.etharp_request
                0x00406204       0xcc src/ASF/thirdparty/lwip/lwip-1.4.1/src/netif/etharp.o
                0x00406204                etharp_request
 .text.etharp_output_to_arp_index
                0x004062d0       0x54 src/ASF/thirdparty/lwip/lwip-1.4.1/src/netif/etharp.o
 .text.etharp_query
                0x00406324      0x170 src/ASF/thirdparty/lwip/lwip-1.4.1/src/netif/etharp.o
                0x00406324                etharp_query
 .text.etharp_output
                0x00406494      0x10c src/ASF/thirdparty/lwip/lwip-1.4.1/src/netif/etharp.o
                0x00406494                etharp_output
 .text.ethernet_input
                0x004065a0      0x308 src/ASF/thirdparty/lwip/lwip-1.4.1/src/netif/etharp.o
                0x004065a0                ethernet_input
 .text.gmac_rx_populate_queue
                0x004068a8       0x6c src/ASF/thirdparty/lwip/lwip-port-1.4.1/sam/netif/same70_gmac.o
 .text.gmac_low_level_output
                0x00406914       0x88 src/ASF/thirdparty/lwip/lwip-port-1.4.1/sam/netif/same70_gmac.o
 .text.GMAC_Handler
                0x0040699c       0x10 src/ASF/thirdparty/lwip/lwip-port-1.4.1/sam/netif/same70_gmac.o
                0x0040699c                GMAC_Handler
 .text.ethernetif_input
                0x004069ac       0xc4 src/ASF/thirdparty/lwip/lwip-port-1.4.1/sam/netif/same70_gmac.o
                0x004069ac                ethernetif_input
 .text.ethernetif_init
                0x00406a70      0x204 src/ASF/thirdparty/lwip/lwip-port-1.4.1/sam/netif/same70_gmac.o
                0x00406a70                ethernetif_init
 .text.status_callback
                0x00406c74       0x54 src/network/ethernet.o
                0x00406c74                status_callback
 .text.init_ethernet
                0x00406cc8       0x8c src/network/ethernet.o
                0x00406cc8                init_ethernet
 .text.ethernet_task
                0x00406d54       0x68 src/network/ethernet.o
                0x00406d54                ethernet_task
 .text.client_sent
                0x00406dbc       0x18 src/network/httpserver/httpd.o
 .text.callback_Connected
                0x00406dd4       0x84 src/network/httpserver/httpd.o
 .text.httpd_recv
                0x00406e58       0x7c src/network/httpserver/httpd.o
 .text.httpd_init
                0x00406ed4       0x48 src/network/httpserver/httpd.o
                0x00406ed4                httpd_init
 .text.TC0_Handler
                0x00406f1c       0x1c src/network/timer_mgt.o
                0x00406f1c                TC0_Handler
 .text.sys_init_timing
                0x00406f38       0x8c src/network/timer_mgt.o
                0x00406f38                sys_init_timing
 .text.sys_get_ms
                0x00406fc4        0xc src/network/timer_mgt.o
                0x00406fc4                sys_get_ms
 .text.sys_now  0x00406fd0        0xc src/network/timer_mgt.o
                0x00406fd0                sys_now
 .text.usart_serial_getchar
                0x00406fdc       0xc0 src/Main.o
 .text.usart_serial_putchar
                0x0040709c       0xbc src/Main.o
 .text.startup.main
                0x00407158       0xec src/Main.o
                0x00407158                main
 .text.__libc_init_array
                0x00407244       0x50 c:/program files (x86)/atmel/studio/7.0/toolchain/arm/arm-gnu-toolchain/bin/../lib/gcc/arm-none-eabi/5.3.1/../../../../arm-none-eabi/lib/armv7e-m\libc.a(lib_a-init.o)
                0x00407244                __libc_init_array
 .text.iprintf  0x00407294       0x28 c:/program files (x86)/atmel/studio/7.0/toolchain/arm/arm-gnu-toolchain/bin/../lib/gcc/arm-none-eabi/5.3.1/../../../../arm-none-eabi/lib/armv7e-m\libc.a(lib_a-iprintf.o)
                0x00407294                iprintf
 .text.memcmp   0x004072bc       0x64 c:/program files (x86)/atmel/studio/7.0/toolchain/arm/arm-gnu-toolchain/bin/../lib/gcc/arm-none-eabi/5.3.1/../../../../arm-none-eabi/lib/armv7e-m\libc.a(lib_a-memcmp.o)
                0x004072bc                memcmp
 .text          0x00407320      0x134 c:/program files (x86)/atmel/studio/7.0/toolchain/arm/arm-gnu-toolchain/bin/../lib/gcc/arm-none-eabi/5.3.1/../../../../arm-none-eabi/lib/armv7e-m\libc.a(lib_a-memcpy.o)
                0x00407320                memcpy
 .text.memset   0x00407454       0x9c c:/program files (x86)/atmel/studio/7.0/toolchain/arm/arm-gnu-toolchain/bin/../lib/gcc/arm-none-eabi/5.3.1/../../../../arm-none-eabi/lib/armv7e-m\libc.a(lib_a-memset.o)
                0x00407454                memset
 .text._puts_r  0x004074f0       0x68 c:/program files (x86)/atmel/studio/7.0/toolchain/arm/arm-gnu-toolchain/bin/../lib/gcc/arm-none-eabi/5.3.1/../../../../arm-none-eabi/lib/armv7e-m\libc.a(lib_a-puts.o)
                0x004074f0                _puts_r
 .text.puts     0x00407558       0x10 c:/program files (x86)/atmel/studio/7.0/toolchain/arm/arm-gnu-toolchain/bin/../lib/gcc/arm-none-eabi/5.3.1/../../../../arm-none-eabi/lib/armv7e-m\libc.a(lib_a-puts.o)
                0x00407558                puts
 .text.setbuf   0x00407568       0x10 c:/program files (x86)/atmel/studio/7.0/toolchain/arm/arm-gnu-toolchain/bin/../lib/gcc/arm-none-eabi/5.3.1/../../../../arm-none-eabi/lib/armv7e-m\libc.a(lib_a-setbuf.o)
                0x00407568                setbuf
 .text.setvbuf  0x00407578      0x150 c:/program files (x86)/atmel/studio/7.0/toolchain/arm/arm-gnu-toolchain/bin/../lib/gcc/arm-none-eabi/5.3.1/../../../../arm-none-eabi/lib/armv7e-m\libc.a(lib_a-setvbuf.o)
                0x00407578                setvbuf
 .text.strcat   0x004076c8       0x40 c:/program files (x86)/atmel/studio/7.0/toolchain/arm/arm-gnu-toolchain/bin/../lib/gcc/arm-none-eabi/5.3.1/../../../../arm-none-eabi/lib/armv7e-m\libc.a(lib_a-strcat.o)
                0x004076c8                strcat
 .text.strcpy   0x00407708       0xbc c:/program files (x86)/atmel/studio/7.0/toolchain/arm/arm-gnu-toolchain/bin/../lib/gcc/arm-none-eabi/5.3.1/../../../../arm-none-eabi/lib/armv7e-m\libc.a(lib_a-strcpy.o)
                0x00407708                strcpy
 *fill*         0x004077c4       0x3c 
 .text          0x00407800       0xdc c:/program files (x86)/atmel/studio/7.0/toolchain/arm/arm-gnu-toolchain/bin/../lib/gcc/arm-none-eabi/5.3.1/../../../../arm-none-eabi/lib/armv7e-m\libc.a(lib_a-strlen.o)
                0x00407800                strlen
 .text.__sprint_r.part.0
                0x004078dc       0x78 c:/program files (x86)/atmel/studio/7.0/toolchain/arm/arm-gnu-toolchain/bin/../lib/gcc/arm-none-eabi/5.3.1/../../../../arm-none-eabi/lib/armv7e-m\libc.a(lib_a-vfiprintf.o)
 .text._vfiprintf_r
                0x00407954      0xdfc c:/program files (x86)/atmel/studio/7.0/toolchain/arm/arm-gnu-toolchain/bin/../lib/gcc/arm-none-eabi/5.3.1/../../../../arm-none-eabi/lib/armv7e-m\libc.a(lib_a-vfiprintf.o)
                0x00407954                _vfiprintf_r
 .text.__sbprintf
                0x00408750       0x6c c:/program files (x86)/atmel/studio/7.0/toolchain/arm/arm-gnu-toolchain/bin/../lib/gcc/arm-none-eabi/5.3.1/../../../../arm-none-eabi/lib/armv7e-m\libc.a(lib_a-vfiprintf.o)
 .text.__swsetup_r
                0x004087bc       0xc8 c:/program files (x86)/atmel/studio/7.0/toolchain/arm/arm-gnu-toolchain/bin/../lib/gcc/arm-none-eabi/5.3.1/../../../../arm-none-eabi/lib/armv7e-m\libc.a(lib_a-wsetup.o)
                0x004087bc                __swsetup_r
 .text.startup.register_fini
                0x00408884       0x14 c:/program files (x86)/atmel/studio/7.0/toolchain/arm/arm-gnu-toolchain/bin/../lib/gcc/arm-none-eabi/5.3.1/../../../../arm-none-eabi/lib/armv7e-m\libc.a(lib_a-__call_atexit.o)
 .text.atexit   0x00408898        0xc c:/program files (x86)/atmel/studio/7.0/toolchain/arm/arm-gnu-toolchain/bin/../lib/gcc/arm-none-eabi/5.3.1/../../../../arm-none-eabi/lib/armv7e-m\libc.a(lib_a-atexit.o)
                0x00408898                atexit
 .text.__sflush_r
                0x004088a4      0x148 c:/program files (x86)/atmel/studio/7.0/toolchain/arm/arm-gnu-toolchain/bin/../lib/gcc/arm-none-eabi/5.3.1/../../../../arm-none-eabi/lib/armv7e-m\libc.a(lib_a-fflush.o)
                0x004088a4                __sflush_r
 .text._fflush_r
                0x004089ec       0x2c c:/program files (x86)/atmel/studio/7.0/toolchain/arm/arm-gnu-toolchain/bin/../lib/gcc/arm-none-eabi/5.3.1/../../../../arm-none-eabi/lib/armv7e-m\libc.a(lib_a-fflush.o)
                0x004089ec                _fflush_r
 .text._cleanup_r
                0x00408a18        0xc c:/program files (x86)/atmel/studio/7.0/toolchain/arm/arm-gnu-toolchain/bin/../lib/gcc/arm-none-eabi/5.3.1/../../../../arm-none-eabi/lib/armv7e-m\libc.a(lib_a-findfp.o)
                0x00408a18                _cleanup_r
 .text.__sinit.part.1
                0x00408a24       0xf0 c:/program files (x86)/atmel/studio/7.0/toolchain/arm/arm-gnu-toolchain/bin/../lib/gcc/arm-none-eabi/5.3.1/../../../../arm-none-eabi/lib/armv7e-m\libc.a(lib_a-findfp.o)
 .text.__sinit  0x00408b14        0xc c:/program files (x86)/atmel/studio/7.0/toolchain/arm/arm-gnu-toolchain/bin/../lib/gcc/arm-none-eabi/5.3.1/../../../../arm-none-eabi/lib/armv7e-m\libc.a(lib_a-findfp.o)
                0x00408b14                __sinit
 .text.__sfp_lock_acquire
                0x00408b20        0x4 c:/program files (x86)/atmel/studio/7.0/toolchain/arm/arm-gnu-toolchain/bin/../lib/gcc/arm-none-eabi/5.3.1/../../../../arm-none-eabi/lib/armv7e-m\libc.a(lib_a-findfp.o)
                0x00408b20                __sfp_lock_acquire
 .text.__sfp_lock_release
                0x00408b24        0x4 c:/program files (x86)/atmel/studio/7.0/toolchain/arm/arm-gnu-toolchain/bin/../lib/gcc/arm-none-eabi/5.3.1/../../../../arm-none-eabi/lib/armv7e-m\libc.a(lib_a-findfp.o)
                0x00408b24                __sfp_lock_release
 .text.__libc_fini_array
                0x00408b28       0x28 c:/program files (x86)/atmel/studio/7.0/toolchain/arm/arm-gnu-toolchain/bin/../lib/gcc/arm-none-eabi/5.3.1/../../../../arm-none-eabi/lib/armv7e-m\libc.a(lib_a-fini.o)
                0x00408b28                __libc_fini_array
 .text.__fputwc
                0x00408b50       0x98 c:/program files (x86)/atmel/studio/7.0/toolchain/arm/arm-gnu-toolchain/bin/../lib/gcc/arm-none-eabi/5.3.1/../../../../arm-none-eabi/lib/armv7e-m\libc.a(lib_a-fputwc.o)
                0x00408b50                __fputwc
 .text._fputwc_r
                0x00408be8       0x24 c:/program files (x86)/atmel/studio/7.0/toolchain/arm/arm-gnu-toolchain/bin/../lib/gcc/arm-none-eabi/5.3.1/../../../../arm-none-eabi/lib/armv7e-m\libc.a(lib_a-fputwc.o)
                0x00408be8                _fputwc_r
 .text._malloc_trim_r
                0x00408c0c       0x9c c:/program files (x86)/atmel/studio/7.0/toolchain/arm/arm-gnu-toolchain/bin/../lib/gcc/arm-none-eabi/5.3.1/../../../../arm-none-eabi/lib/armv7e-m\libc.a(lib_a-freer.o)
                0x00408c0c                _malloc_trim_r
 .text._free_r  0x00408ca8      0x1d0 c:/program files (x86)/atmel/studio/7.0/toolchain/arm/arm-gnu-toolchain/bin/../lib/gcc/arm-none-eabi/5.3.1/../../../../arm-none-eabi/lib/armv7e-m\libc.a(lib_a-freer.o)
                0x00408ca8                _free_r
 .text.__sfvwrite_r
                0x00408e78      0x304 c:/program files (x86)/atmel/studio/7.0/toolchain/arm/arm-gnu-toolchain/bin/../lib/gcc/arm-none-eabi/5.3.1/../../../../arm-none-eabi/lib/armv7e-m\libc.a(lib_a-fvwrite.o)
                0x00408e78                __sfvwrite_r
 .text._fwalk_reent
                0x0040917c       0x54 c:/program files (x86)/atmel/studio/7.0/toolchain/arm/arm-gnu-toolchain/bin/../lib/gcc/arm-none-eabi/5.3.1/../../../../arm-none-eabi/lib/armv7e-m\libc.a(lib_a-fwalk.o)
                0x0040917c                _fwalk_reent
 .text.__locale_charset
                0x004091d0        0x8 c:/program files (x86)/atmel/studio/7.0/toolchain/arm/arm-gnu-toolchain/bin/../lib/gcc/arm-none-eabi/5.3.1/../../../../arm-none-eabi/lib/armv7e-m\libc.a(lib_a-locale.o)
                0x004091d0                __locale_charset
 .text.__locale_mb_cur_max
                0x004091d8        0xc c:/program files (x86)/atmel/studio/7.0/toolchain/arm/arm-gnu-toolchain/bin/../lib/gcc/arm-none-eabi/5.3.1/../../../../arm-none-eabi/lib/armv7e-m\libc.a(lib_a-locale.o)
                0x004091d8                __locale_mb_cur_max
 .text.__swhatbuf_r
                0x004091e4       0x60 c:/program files (x86)/atmel/studio/7.0/toolchain/arm/arm-gnu-toolchain/bin/../lib/gcc/arm-none-eabi/5.3.1/../../../../arm-none-eabi/lib/armv7e-m\libc.a(lib_a-makebuf.o)
                0x004091e4                __swhatbuf_r
 .text.__smakebuf_r
                0x00409244       0x88 c:/program files (x86)/atmel/studio/7.0/toolchain/arm/arm-gnu-toolchain/bin/../lib/gcc/arm-none-eabi/5.3.1/../../../../arm-none-eabi/lib/armv7e-m\libc.a(lib_a-makebuf.o)
                0x00409244                __smakebuf_r
 .text.malloc   0x004092cc       0x10 c:/program files (x86)/atmel/studio/7.0/toolchain/arm/arm-gnu-toolchain/bin/../lib/gcc/arm-none-eabi/5.3.1/../../../../arm-none-eabi/lib/armv7e-m\libc.a(lib_a-malloc.o)
                0x004092cc                malloc
 .text._malloc_r
                0x004092dc      0x570 c:/program files (x86)/atmel/studio/7.0/toolchain/arm/arm-gnu-toolchain/bin/../lib/gcc/arm-none-eabi/5.3.1/../../../../arm-none-eabi/lib/armv7e-m\libc.a(lib_a-mallocr.o)
                0x004092dc                _malloc_r
 *fill*         0x0040984c        0x4 
 .text          0x00409850       0xa0 c:/program files (x86)/atmel/studio/7.0/toolchain/arm/arm-gnu-toolchain/bin/../lib/gcc/arm-none-eabi/5.3.1/../../../../arm-none-eabi/lib/armv7e-m\libc.a(lib_a-memchr.o)
                0x00409850                memchr
 .text.memmove  0x004098f0       0xc8 c:/program files (x86)/atmel/studio/7.0/toolchain/arm/arm-gnu-toolchain/bin/../lib/gcc/arm-none-eabi/5.3.1/../../../../arm-none-eabi/lib/armv7e-m\libc.a(lib_a-memmove.o)
                0x004098f0                memmove
 .text.__malloc_lock
                0x004099b8        0x4 c:/program files (x86)/atmel/studio/7.0/toolchain/arm/arm-gnu-toolchain/bin/../lib/gcc/arm-none-eabi/5.3.1/../../../../arm-none-eabi/lib/armv7e-m\libc.a(lib_a-mlock.o)
                0x004099b8                __malloc_lock
 .text.__malloc_unlock
                0x004099bc        0x4 c:/program files (x86)/atmel/studio/7.0/toolchain/arm/arm-gnu-toolchain/bin/../lib/gcc/arm-none-eabi/5.3.1/../../../../arm-none-eabi/lib/armv7e-m\libc.a(lib_a-mlock.o)
                0x004099bc                __malloc_unlock
 .text._realloc_r
                0x004099c0      0x3e0 c:/program files (x86)/atmel/studio/7.0/toolchain/arm/arm-gnu-toolchain/bin/../lib/gcc/arm-none-eabi/5.3.1/../../../../arm-none-eabi/lib/armv7e-m\libc.a(lib_a-reallocr.o)
                0x004099c0                _realloc_r
 .text._sbrk_r  0x00409da0       0x24 c:/program files (x86)/atmel/studio/7.0/toolchain/arm/arm-gnu-toolchain/bin/../lib/gcc/arm-none-eabi/5.3.1/../../../../arm-none-eabi/lib/armv7e-m\libc.a(lib_a-sbrkr.o)
                0x00409da0                _sbrk_r
 .text.__sread  0x00409dc4       0x24 c:/program files (x86)/atmel/studio/7.0/toolchain/arm/arm-gnu-toolchain/bin/../lib/gcc/arm-none-eabi/5.3.1/../../../../arm-none-eabi/lib/armv7e-m\libc.a(lib_a-stdio.o)
                0x00409dc4                __sread
 .text.__swrite
                0x00409de8       0x3c c:/program files (x86)/atmel/studio/7.0/toolchain/arm/arm-gnu-toolchain/bin/../lib/gcc/arm-none-eabi/5.3.1/../../../../arm-none-eabi/lib/armv7e-m\libc.a(lib_a-stdio.o)
                0x00409de8                __swrite
 .text.__sseek  0x00409e24       0x20 c:/program files (x86)/atmel/studio/7.0/toolchain/arm/arm-gnu-toolchain/bin/../lib/gcc/arm-none-eabi/5.3.1/../../../../arm-none-eabi/lib/armv7e-m\libc.a(lib_a-stdio.o)
                0x00409e24                __sseek
 .text.__sclose
                0x00409e44        0x8 c:/program files (x86)/atmel/studio/7.0/toolchain/arm/arm-gnu-toolchain/bin/../lib/gcc/arm-none-eabi/5.3.1/../../../../arm-none-eabi/lib/armv7e-m\libc.a(lib_a-stdio.o)
                0x00409e44                __sclose
 .text.__swbuf_r
                0x00409e4c       0xac c:/program files (x86)/atmel/studio/7.0/toolchain/arm/arm-gnu-toolchain/bin/../lib/gcc/arm-none-eabi/5.3.1/../../../../arm-none-eabi/lib/armv7e-m\libc.a(lib_a-wbuf.o)
                0x00409e4c                __swbuf_r
 .text._wcrtomb_r
                0x00409ef8       0x54 c:/program files (x86)/atmel/studio/7.0/toolchain/arm/arm-gnu-toolchain/bin/../lib/gcc/arm-none-eabi/5.3.1/../../../../arm-none-eabi/lib/armv7e-m\libc.a(lib_a-wcrtomb.o)
                0x00409ef8                _wcrtomb_r
 .text.__ascii_wctomb
                0x00409f4c       0x1c c:/program files (x86)/atmel/studio/7.0/toolchain/arm/arm-gnu-toolchain/bin/../lib/gcc/arm-none-eabi/5.3.1/../../../../arm-none-eabi/lib/armv7e-m\libc.a(lib_a-wctomb_r.o)
                0x00409f4c                __ascii_wctomb
 .text._write_r
                0x00409f68       0x2c c:/program files (x86)/atmel/studio/7.0/toolchain/arm/arm-gnu-toolchain/bin/../lib/gcc/arm-none-eabi/5.3.1/../../../../arm-none-eabi/lib/armv7e-m\libc.a(lib_a-writer.o)
                0x00409f68                _write_r
 .text.__register_exitproc
                0x00409f94       0xa4 c:/program files (x86)/atmel/studio/7.0/toolchain/arm/arm-gnu-toolchain/bin/../lib/gcc/arm-none-eabi/5.3.1/../../../../arm-none-eabi/lib/armv7e-m\libc.a(lib_a-__atexit.o)
                0x00409f94                __register_exitproc
 .text._close_r
                0x0040a038       0x24 c:/program files (x86)/atmel/studio/7.0/toolchain/arm/arm-gnu-toolchain/bin/../lib/gcc/arm-none-eabi/5.3.1/../../../../arm-none-eabi/lib/armv7e-m\libc.a(lib_a-closer.o)
                0x0040a038                _close_r
 .text._fclose_r
                0x0040a05c       0x84 c:/program files (x86)/atmel/studio/7.0/toolchain/arm/arm-gnu-toolchain/bin/../lib/gcc/arm-none-eabi/5.3.1/../../../../arm-none-eabi/lib/armv7e-m\libc.a(lib_a-fclose.o)
                0x0040a05c                _fclose_r
 .text._fstat_r
                0x0040a0e0       0x28 c:/program files (x86)/atmel/studio/7.0/toolchain/arm/arm-gnu-toolchain/bin/../lib/gcc/arm-none-eabi/5.3.1/../../../../arm-none-eabi/lib/armv7e-m\libc.a(lib_a-fstatr.o)
                0x0040a0e0                _fstat_r
 .text._isatty_r
                0x0040a108       0x24 c:/program files (x86)/atmel/studio/7.0/toolchain/arm/arm-gnu-toolchain/bin/../lib/gcc/arm-none-eabi/5.3.1/../../../../arm-none-eabi/lib/armv7e-m\libc.a(lib_a-isattyr.o)
                0x0040a108                _isatty_r
 .text._lseek_r
                0x0040a12c       0x2c c:/program files (x86)/atmel/studio/7.0/toolchain/arm/arm-gnu-toolchain/bin/../lib/gcc/arm-none-eabi/5.3.1/../../../../arm-none-eabi/lib/armv7e-m\libc.a(lib_a-lseekr.o)
                0x0040a12c                _lseek_r
 .text._read_r  0x0040a158       0x2c c:/program files (x86)/atmel/studio/7.0/toolchain/arm/arm-gnu-toolchain/bin/../lib/gcc/arm-none-eabi/5.3.1/../../../../arm-none-eabi/lib/armv7e-m\libc.a(lib_a-readr.o)
                0x0040a158                _read_r
 .text          0x0040a184       0x30 c:/program files (x86)/atmel/studio/7.0/toolchain/arm/arm-gnu-toolchain/bin/../lib/gcc/arm-none-eabi/5.3.1/armv7e-m\libgcc.a(_aeabi_uldivmod.o)
                0x0040a184                __aeabi_uldivmod
 .text          0x0040a1b4      0x2e4 c:/program files (x86)/atmel/studio/7.0/toolchain/arm/arm-gnu-toolchain/bin/../lib/gcc/arm-none-eabi/5.3.1/armv7e-m\libgcc.a(_udivmoddi4.o)
                0x0040a1b4                __udivmoddi4
 .text          0x0040a498        0x4 c:/program files (x86)/atmel/studio/7.0/toolchain/arm/arm-gnu-toolchain/bin/../lib/gcc/arm-none-eabi/5.3.1/armv7e-m\libgcc.a(_dvmd_tls.o)
                0x0040a498                __aeabi_idiv0
                0x0040a498                __aeabi_ldiv0
 *(.glue_7t)
 .glue_7t       0x0040a49c        0x0 linker stubs
 *(.glue_7)
 .glue_7        0x0040a49c        0x0 linker stubs
 *(.rodata .rodata* .gnu.linkonce.r.*)
 .rodata.CSWTCH.7
                0x0040a49c        0x6 src/ASF/sam/drivers/pmc/pmc.o
 .rodata.str1.1
                0x0040a4a2      0x1c8 src/ASF/thirdparty/lwip/lwip-1.4.1/src/core/ipv4/icmp.o
                                0x1ca (size before relaxing)
 .rodata.str1.1
                0x0040a66a       0x6e src/ASF/thirdparty/lwip/lwip-1.4.1/src/core/ipv4/inet_chksum.o
 .rodata.str1.1
                0x0040a6d8      0x43a src/ASF/thirdparty/lwip/lwip-1.4.1/src/core/ipv4/ip.o
 *fill*         0x0040ab12        0x2 
 .rodata.ip_addr_any
                0x0040ab14        0x4 src/ASF/thirdparty/lwip/lwip-1.4.1/src/core/ipv4/ip_addr.o
                0x0040ab14                ip_addr_any
 .rodata.str1.1
                0x0040ab18      0x153 src/ASF/thirdparty/lwip/lwip-1.4.1/src/core/ipv4/ip_frag.o
 .rodata.str1.1
                0x0040ac6b       0x9a src/ASF/thirdparty/lwip/lwip-1.4.1/src/core/lwip_timers_141.o
 .rodata.str1.1
                0x0040ad05       0x7f src/ASF/thirdparty/lwip/lwip-1.4.1/src/core/mem.o
 .rodata.memp_num
                0x0040ad84       0x10 src/ASF/thirdparty/lwip/lwip-1.4.1/src/core/memp.o
 .rodata.str1.1
                0x0040ad94       0xf6 src/ASF/thirdparty/lwip/lwip-1.4.1/src/core/memp.o
 *fill*         0x0040ae8a        0x2 
 .rodata.memp_desc
                0x0040ae8c       0x20 src/ASF/thirdparty/lwip/lwip-1.4.1/src/core/memp.o
 .rodata.memp_sizes
                0x0040aeac       0x10 src/ASF/thirdparty/lwip/lwip-1.4.1/src/core/memp.o
 .rodata.str1.1
                0x0040aebc      0x1b5 src/ASF/thirdparty/lwip/lwip-1.4.1/src/core/netif.o
                                0x1c7 (size before relaxing)
 .rodata.str1.1
                0x0040b071      0x3b5 src/ASF/thirdparty/lwip/lwip-1.4.1/src/core/pbuf.o
                                0x3e1 (size before relaxing)
 *fill*         0x0040b426        0x2 
 .rodata.tcp_state_str
                0x0040b428       0x2c src/ASF/thirdparty/lwip/lwip-1.4.1/src/core/tcp.o
                0x0040b428                tcp_state_str
 .rodata.tcp_pcb_lists
                0x0040b454       0x10 src/ASF/thirdparty/lwip/lwip-1.4.1/src/core/tcp.o
                0x0040b454                tcp_pcb_lists
 .rodata.tcp_backoff
                0x0040b464        0xd src/ASF/thirdparty/lwip/lwip-1.4.1/src/core/tcp.o
                0x0040b464                tcp_backoff
 .rodata.str1.1
                0x0040b471      0x735 src/ASF/thirdparty/lwip/lwip-1.4.1/src/core/tcp.o
                                0x790 (size before relaxing)
 .rodata.tcp_persist_backoff
                0x0040bba6        0x7 src/ASF/thirdparty/lwip/lwip-1.4.1/src/core/tcp.o
                0x0040bba6                tcp_persist_backoff
 .rodata.str1.1
                0x0040bbad      0x707 src/ASF/thirdparty/lwip/lwip-1.4.1/src/core/tcp_in.o
 .rodata.str1.1
                0x0040c2b4      0x718 src/ASF/thirdparty/lwip/lwip-1.4.1/src/core/tcp_out.o
                                0x740 (size before relaxing)
 .rodata.str1.1
                0x0040c9cc      0x432 src/ASF/thirdparty/lwip/lwip-1.4.1/src/core/udp.o
                                0x465 (size before relaxing)
 .rodata.ethbroadcast
                0x0040cdfe        0x6 src/ASF/thirdparty/lwip/lwip-1.4.1/src/netif/etharp.o
                0x0040cdfe                ethbroadcast
 .rodata.str1.1
                0x0040ce04      0x765 src/ASF/thirdparty/lwip/lwip-1.4.1/src/netif/etharp.o
 .rodata.ethzero
                0x0040d569        0x6 src/ASF/thirdparty/lwip/lwip-1.4.1/src/netif/etharp.o
                0x0040d569                ethzero
 .rodata.str1.1
                0x0040d56f      0x17e src/ASF/thirdparty/lwip/lwip-port-1.4.1/sam/netif/same70_gmac.o
 .rodata.str1.1
                0x0040d6ed       0x40 src/network/ethernet.o
 .rodata.str1.1
                0x0040d72d       0xb8 src/network/httpserver/httpd.o
 .rodata.str1.1
                0x0040d7e5       0x6b src/Main.o
 .rodata.str1.4
                0x0040d850        0x2 c:/program files (x86)/atmel/studio/7.0/toolchain/arm/arm-gnu-toolchain/bin/../lib/gcc/arm-none-eabi/5.3.1/../../../../arm-none-eabi/lib/armv7e-m\libc.a(lib_a-impure.o)
 *fill*         0x0040d852        0x2 
 .rodata._global_impure_ptr
                0x0040d854        0x4 c:/program files (x86)/atmel/studio/7.0/toolchain/arm/arm-gnu-toolchain/bin/../lib/gcc/arm-none-eabi/5.3.1/../../../../arm-none-eabi/lib/armv7e-m\libc.a(lib_a-impure.o)
                0x0040d854                _global_impure_ptr
 .rodata.str1.4
                0x0040d858        0x2 c:/program files (x86)/atmel/studio/7.0/toolchain/arm/arm-gnu-toolchain/bin/../lib/gcc/arm-none-eabi/5.3.1/../../../../arm-none-eabi/lib/armv7e-m\libc.a(lib_a-puts.o)
 *fill*         0x0040d85a        0x2 
 .rodata.zeroes.6993
                0x0040d85c       0x10 c:/program files (x86)/atmel/studio/7.0/toolchain/arm/arm-gnu-toolchain/bin/../lib/gcc/arm-none-eabi/5.3.1/../../../../arm-none-eabi/lib/armv7e-m\libc.a(lib_a-vfiprintf.o)
 .rodata.str1.4
                0x0040d86c       0x30 c:/program files (x86)/atmel/studio/7.0/toolchain/arm/arm-gnu-toolchain/bin/../lib/gcc/arm-none-eabi/5.3.1/../../../../arm-none-eabi/lib/armv7e-m\libc.a(lib_a-vfiprintf.o)
                                 0x2f (size before relaxing)
 .rodata.blanks.6992
                0x0040d89c       0x10 c:/program files (x86)/atmel/studio/7.0/toolchain/arm/arm-gnu-toolchain/bin/../lib/gcc/arm-none-eabi/5.3.1/../../../../arm-none-eabi/lib/armv7e-m\libc.a(lib_a-vfiprintf.o)
 *(.ARM.extab* .gnu.linkonce.armextab.*)
                0x0040d8ac                . = ALIGN (0x4)
 *(.init)
 .init          0x0040d8ac        0x4 c:/program files (x86)/atmel/studio/7.0/toolchain/arm/arm-gnu-toolchain/bin/../lib/gcc/arm-none-eabi/5.3.1/armv7e-m/crti.o
                0x0040d8ac                _init
 .init          0x0040d8b0        0x8 c:/program files (x86)/atmel/studio/7.0/toolchain/arm/arm-gnu-toolchain/bin/../lib/gcc/arm-none-eabi/5.3.1/armv7e-m/crtn.o
                0x0040d8b8                . = ALIGN (0x4)
                0x0040d8b8                __preinit_array_start = .
 *(.preinit_array)
                0x0040d8b8                __preinit_array_end = .
                0x0040d8b8                . = ALIGN (0x4)
                0x0040d8b8                __init_array_start = .
 *(SORT(.init_array.*))
 .init_array.00000
                0x0040d8b8        0x4 c:/program files (x86)/atmel/studio/7.0/toolchain/arm/arm-gnu-toolchain/bin/../lib/gcc/arm-none-eabi/5.3.1/../../../../arm-none-eabi/lib/armv7e-m\libc.a(lib_a-__call_atexit.o)
 *(.init_array)
 .init_array    0x0040d8bc        0x4 c:/program files (x86)/atmel/studio/7.0/toolchain/arm/arm-gnu-toolchain/bin/../lib/gcc/arm-none-eabi/5.3.1/armv7e-m/crtbegin.o
                0x0040d8c0                __init_array_end = .
                0x0040d8c0                . = ALIGN (0x4)
 *crtbegin.o(.ctors)
 *(EXCLUDE_FILE(*crtend.o) .ctors)
 *(SORT(.ctors.*))
 *crtend.o(.ctors)
                0x0040d8c0                . = ALIGN (0x4)
 *(.fini)
 .fini          0x0040d8c0        0x4 c:/program files (x86)/atmel/studio/7.0/toolchain/arm/arm-gnu-toolchain/bin/../lib/gcc/arm-none-eabi/5.3.1/armv7e-m/crti.o
                0x0040d8c0                _fini
 .fini          0x0040d8c4        0x8 c:/program files (x86)/atmel/studio/7.0/toolchain/arm/arm-gnu-toolchain/bin/../lib/gcc/arm-none-eabi/5.3.1/armv7e-m/crtn.o
                0x0040d8cc                . = ALIGN (0x4)
                0x0040d8cc                __fini_array_start = .
 *(.fini_array)
 .fini_array    0x0040d8cc        0x4 c:/program files (x86)/atmel/studio/7.0/toolchain/arm/arm-gnu-toolchain/bin/../lib/gcc/arm-none-eabi/5.3.1/armv7e-m/crtbegin.o
 *(SORT(.fini_array.*))
                0x0040d8d0                __fini_array_end = .
 *crtbegin.o(.dtors)
 *(EXCLUDE_FILE(*crtend.o) .dtors)
 *(SORT(.dtors.*))
 *crtend.o(.dtors)
                0x0040d8d0                . = ALIGN (0x4)
                0x0040d8d0                _efixed = .
                [!provide]                PROVIDE (__exidx_start, .)

.vfp11_veneer   0x0040d8d0        0x0
 .vfp11_veneer  0x0040d8d0        0x0 linker stubs

.v4_bx          0x0040d8d0        0x0
 .v4_bx         0x0040d8d0        0x0 linker stubs

.iplt           0x0040d8d0        0x0
 .iplt          0x0040d8d0        0x0 c:/program files (x86)/atmel/studio/7.0/toolchain/arm/arm-gnu-toolchain/bin/../lib/gcc/arm-none-eabi/5.3.1/armv7e-m/crtbegin.o

.ARM.exidx      0x0040d8d0        0x8
 *(.ARM.exidx* .gnu.linkonce.armexidx.*)
 .ARM.exidx     0x0040d8d0        0x8 c:/program files (x86)/atmel/studio/7.0/toolchain/arm/arm-gnu-toolchain/bin/../lib/gcc/arm-none-eabi/5.3.1/armv7e-m\libgcc.a(_udivmoddi4.o)
                [!provide]                PROVIDE (__exidx_end, .)

.eh_frame       0x0040d8d8        0x0
 .eh_frame      0x0040d8d8        0x0 c:/program files (x86)/atmel/studio/7.0/toolchain/arm/arm-gnu-toolchain/bin/../lib/gcc/arm-none-eabi/5.3.1/armv7e-m/crtbegin.o

.rel.dyn        0x0040d8d8        0x0
 .rel.iplt      0x0040d8d8        0x0 c:/program files (x86)/atmel/studio/7.0/toolchain/arm/arm-gnu-toolchain/bin/../lib/gcc/arm-none-eabi/5.3.1/armv7e-m/crtbegin.o

.jcr            0x0040d8d8        0x0
 .jcr           0x0040d8d8        0x0 c:/program files (x86)/atmel/studio/7.0/toolchain/arm/arm-gnu-toolchain/bin/../lib/gcc/arm-none-eabi/5.3.1/armv7e-m/crtbegin.o

.igot.plt       0x0040d8d8        0x0
 .igot.plt      0x0040d8d8        0x0 c:/program files (x86)/atmel/studio/7.0/toolchain/arm/arm-gnu-toolchain/bin/../lib/gcc/arm-none-eabi/5.3.1/armv7e-m/crtbegin.o
                0x0040d8d8                . = ALIGN (0x4)
                0x0040d8d8                _etext = .

.relocate       0x20400000      0x89c load address 0x0040d8d8
                0x20400000                . = ALIGN (0x4)
                0x20400000                _srelocate = .
 *(.ramfunc .ramfunc.*)
 *(.data .data.*)
 .data.g_interrupt_enabled
                0x20400000        0x1 src/ASF/common/utils/interrupt/interrupt_sam_nvic.o
                0x20400000                g_interrupt_enabled
 *fill*         0x20400001        0x3 
 .data.SystemCoreClock
                0x20400004        0x4 src/ASF/sam/utils/cmsis/same70/source/templates/system_same70.o
                0x20400004                SystemCoreClock
 .data.tcp_port
                0x20400008        0x2 src/ASF/thirdparty/lwip/lwip-1.4.1/src/core/tcp.o
 *fill*         0x2040000a        0x2 
 .data.iss.9360
                0x2040000c        0x4 src/ASF/thirdparty/lwip/lwip-1.4.1/src/core/tcp.o
 .data.gs_timers_table
                0x20400010       0x24 src/network/ethernet.o
 *fill*         0x20400034        0x4 
 .data.impure_data
                0x20400038      0x428 c:/program files (x86)/atmel/studio/7.0/toolchain/arm/arm-gnu-toolchain/bin/../lib/gcc/arm-none-eabi/5.3.1/../../../../arm-none-eabi/lib/armv7e-m\libc.a(lib_a-impure.o)
 .data._impure_ptr
                0x20400460        0x4 c:/program files (x86)/atmel/studio/7.0/toolchain/arm/arm-gnu-toolchain/bin/../lib/gcc/arm-none-eabi/5.3.1/../../../../arm-none-eabi/lib/armv7e-m\libc.a(lib_a-impure.o)
                0x20400460                _impure_ptr
 .data.lc_ctype_charset
                0x20400464       0x20 c:/program files (x86)/atmel/studio/7.0/toolchain/arm/arm-gnu-toolchain/bin/../lib/gcc/arm-none-eabi/5.3.1/../../../../arm-none-eabi/lib/armv7e-m\libc.a(lib_a-locale.o)
 .data.__mb_cur_max
                0x20400484        0x4 c:/program files (x86)/atmel/studio/7.0/toolchain/arm/arm-gnu-toolchain/bin/../lib/gcc/arm-none-eabi/5.3.1/../../../../arm-none-eabi/lib/armv7e-m\libc.a(lib_a-locale.o)
                0x20400484                __mb_cur_max
 .data.__malloc_av_
                0x20400488      0x408 c:/program files (x86)/atmel/studio/7.0/toolchain/arm/arm-gnu-toolchain/bin/../lib/gcc/arm-none-eabi/5.3.1/../../../../arm-none-eabi/lib/armv7e-m\libc.a(lib_a-mallocr.o)
                0x20400488                __malloc_av_
 .data.__malloc_trim_threshold
                0x20400890        0x4 c:/program files (x86)/atmel/studio/7.0/toolchain/arm/arm-gnu-toolchain/bin/../lib/gcc/arm-none-eabi/5.3.1/../../../../arm-none-eabi/lib/armv7e-m\libc.a(lib_a-mallocr.o)
                0x20400890                __malloc_trim_threshold
 .data.__malloc_sbrk_base
                0x20400894        0x4 c:/program files (x86)/atmel/studio/7.0/toolchain/arm/arm-gnu-toolchain/bin/../lib/gcc/arm-none-eabi/5.3.1/../../../../arm-none-eabi/lib/armv7e-m\libc.a(lib_a-mallocr.o)
                0x20400894                __malloc_sbrk_base
 .data.__wctomb
                0x20400898        0x4 c:/program files (x86)/atmel/studio/7.0/toolchain/arm/arm-gnu-toolchain/bin/../lib/gcc/arm-none-eabi/5.3.1/../../../../arm-none-eabi/lib/armv7e-m\libc.a(lib_a-wctomb_r.o)
                0x20400898                __wctomb
                0x2040089c                . = ALIGN (0x4)
                0x2040089c                _erelocate = .

.bss            0x204008a0     0x3fcc load address 0x0040e178
                0x204008a0                . = ALIGN (0x4)
                0x204008a0                _sbss = .
                0x204008a0                _szero = .
 *(.bss .bss.*)
 .bss           0x204008a0       0x1c c:/program files (x86)/atmel/studio/7.0/toolchain/arm/arm-gnu-toolchain/bin/../lib/gcc/arm-none-eabi/5.3.1/armv7e-m/crtbegin.o
 .bss.gs_interrupt_sources
                0x204008bc       0x70 src/ASF/sam/drivers/pio/pio_handler.o
 .bss.heap.5289
                0x2040092c        0x4 src/ASF/sam/utils/syscalls/gcc/syscalls.o
 .bss.ip_id     0x20400930        0x2 src/ASF/thirdparty/lwip/lwip-1.4.1/src/core/ipv4/ip.o
 .bss.str.8553  0x20400932       0x10 src/ASF/thirdparty/lwip/lwip-1.4.1/src/core/ipv4/ip_addr.o
 *fill*         0x20400942        0x2 
 .bss.reassdatagrams
                0x20400944        0x4 src/ASF/thirdparty/lwip/lwip-1.4.1/src/core/ipv4/ip_frag.o
 .bss.ip_reass_pbufcount
                0x20400948        0x2 src/ASF/thirdparty/lwip/lwip-1.4.1/src/core/ipv4/ip_frag.o
 *fill*         0x2040094a        0x2 
 .bss.tcpip_tcp_timer_active
                0x2040094c        0x4 src/ASF/thirdparty/lwip/lwip-1.4.1/src/core/lwip_timers_141.o
 .bss.timeouts_last_time
                0x20400950        0x4 src/ASF/thirdparty/lwip/lwip-1.4.1/src/core/lwip_timers_141.o
 .bss.next_timeout
                0x20400954        0x4 src/ASF/thirdparty/lwip/lwip-1.4.1/src/core/lwip_timers_141.o
 .bss.lfree     0x20400958        0x4 src/ASF/thirdparty/lwip/lwip-1.4.1/src/core/mem.o
 .bss.ram_end   0x2040095c        0x4 src/ASF/thirdparty/lwip/lwip-1.4.1/src/core/mem.o
 .bss.ram       0x20400960        0x4 src/ASF/thirdparty/lwip/lwip-1.4.1/src/core/mem.o
 .bss.memp_memory
                0x20400964     0x1aeb src/ASF/thirdparty/lwip/lwip-1.4.1/src/core/memp.o
 *fill*         0x2040244f        0x1 
 .bss.memp_tab  0x20402450       0x20 src/ASF/thirdparty/lwip/lwip-1.4.1/src/core/memp.o
 .bss.netif_num
                0x20402470        0x1 src/ASF/thirdparty/lwip/lwip-1.4.1/src/core/netif.o
 .bss.tcp_timer
                0x20402471        0x1 src/ASF/thirdparty/lwip/lwip-1.4.1/src/core/tcp.o
 .bss.tcp_timer_ctr
                0x20402472        0x1 src/ASF/thirdparty/lwip/lwip-1.4.1/src/core/tcp.o
 *fill*         0x20402473        0x1 
 .bss.seqno     0x20402474        0x4 src/ASF/thirdparty/lwip/lwip-1.4.1/src/core/tcp_in.o
 .bss.iphdr     0x20402478        0x4 src/ASF/thirdparty/lwip/lwip-1.4.1/src/core/tcp_in.o
 .bss.tcplen    0x2040247c        0x2 src/ASF/thirdparty/lwip/lwip-1.4.1/src/core/tcp_in.o
 *fill*         0x2040247e        0x2 
 .bss.ackno     0x20402480        0x4 src/ASF/thirdparty/lwip/lwip-1.4.1/src/core/tcp_in.o
 .bss.flags     0x20402484        0x1 src/ASF/thirdparty/lwip/lwip-1.4.1/src/core/tcp_in.o
 .bss.recv_flags
                0x20402485        0x1 src/ASF/thirdparty/lwip/lwip-1.4.1/src/core/tcp_in.o
 *fill*         0x20402486        0x2 
 .bss.tcphdr    0x20402488        0x4 src/ASF/thirdparty/lwip/lwip-1.4.1/src/core/tcp_in.o
 .bss.recv_data
                0x2040248c        0x4 src/ASF/thirdparty/lwip/lwip-1.4.1/src/core/tcp_in.o
 .bss.inseg     0x20402490       0x14 src/ASF/thirdparty/lwip/lwip-1.4.1/src/core/tcp_in.o
 .bss.etharp_cached_entry
                0x204024a4        0x1 src/ASF/thirdparty/lwip/lwip-1.4.1/src/netif/etharp.o
 *fill*         0x204024a5        0x3 
 .bss.arp_table
                0x204024a8       0xc8 src/ASF/thirdparty/lwip/lwip-1.4.1/src/netif/etharp.o
 .bss.gs_tx_desc_null
                0x20402570        0x8 src/ASF/thirdparty/lwip/lwip-port-1.4.1/sam/netif/same70_gmac.o
 .bss.gs_gmac_dev
                0x20402578     0x1214 src/ASF/thirdparty/lwip/lwip-port-1.4.1/sam/netif/same70_gmac.o
 *fill*         0x2040378c        0x4 
 .bss.gs_rx_desc_null
                0x20403790        0x8 src/ASF/thirdparty/lwip/lwip-port-1.4.1/sam/netif/same70_gmac.o
 .bss.ul_last_time.9155
                0x20403798        0x4 src/network/ethernet.o
 .bss.gs_ul_clk_tick
                0x2040379c        0x4 src/network/timer_mgt.o
 .bss.__malloc_max_total_mem
                0x204037a0        0x4 c:/program files (x86)/atmel/studio/7.0/toolchain/arm/arm-gnu-toolchain/bin/../lib/gcc/arm-none-eabi/5.3.1/../../../../arm-none-eabi/lib/armv7e-m\libc.a(lib_a-mallocr.o)
                0x204037a0                __malloc_max_total_mem
 .bss.__malloc_max_sbrked_mem
                0x204037a4        0x4 c:/program files (x86)/atmel/studio/7.0/toolchain/arm/arm-gnu-toolchain/bin/../lib/gcc/arm-none-eabi/5.3.1/../../../../arm-none-eabi/lib/armv7e-m\libc.a(lib_a-mallocr.o)
                0x204037a4                __malloc_max_sbrked_mem
 .bss.__malloc_top_pad
                0x204037a8        0x4 c:/program files (x86)/atmel/studio/7.0/toolchain/arm/arm-gnu-toolchain/bin/../lib/gcc/arm-none-eabi/5.3.1/../../../../arm-none-eabi/lib/armv7e-m\libc.a(lib_a-mallocr.o)
                0x204037a8                __malloc_top_pad
 .bss.__malloc_current_mallinfo
                0x204037ac       0x28 c:/program files (x86)/atmel/studio/7.0/toolchain/arm/arm-gnu-toolchain/bin/../lib/gcc/arm-none-eabi/5.3.1/../../../../arm-none-eabi/lib/armv7e-m\libc.a(lib_a-mallocr.o)
                0x204037ac                __malloc_current_mallinfo
 *(COMMON)
 COMMON         0x204037d4        0x4 src/ASF/common/utils/stdio/read.o
                0x204037d4                ptr_get
 COMMON         0x204037d8        0x8 src/ASF/common/utils/stdio/write.o
                0x204037d8                ptr_put
                0x204037dc                stdio_base
 COMMON         0x204037e0       0x10 src/ASF/thirdparty/lwip/lwip-1.4.1/src/core/ipv4/ip.o
                0x204037e0                current_iphdr_src
                0x204037e4                current_netif
                0x204037e8                current_iphdr_dest
                0x204037ec                current_header
 COMMON         0x204037f0     0x1014 src/ASF/thirdparty/lwip/lwip-1.4.1/src/core/mem.o
                0x204037f0                ram_heap
 COMMON         0x20404804        0x8 src/ASF/thirdparty/lwip/lwip-1.4.1/src/core/netif.o
                0x20404804                netif_list
                0x20404808                netif_default
 COMMON         0x2040480c        0x1 src/ASF/thirdparty/lwip/lwip-1.4.1/src/core/pbuf.o
                0x2040480c                pbuf_free_ooseq_pending
 *fill*         0x2040480d        0x3 
 COMMON         0x20404810       0x1c src/ASF/thirdparty/lwip/lwip-1.4.1/src/core/tcp.o
                0x20404810                tcp_active_pcbs_changed
                0x20404814                tcp_active_pcbs
                0x20404818                tcp_ticks
                0x2040481c                tcp_listen_pcbs
                0x20404820                tcp_tmp_pcb
                0x20404824                tcp_bound_pcbs
                0x20404828                tcp_tw_pcbs
 COMMON         0x2040482c        0x4 src/ASF/thirdparty/lwip/lwip-1.4.1/src/core/tcp_in.o
                0x2040482c                tcp_input_pcb
 COMMON         0x20404830        0x4 src/ASF/thirdparty/lwip/lwip-1.4.1/src/core/udp.o
                0x20404830                udp_pcbs
 COMMON         0x20404834       0x34 src/network/ethernet.o
                0x20404834                gs_net_if
 COMMON         0x20404868        0x4 c:/program files (x86)/atmel/studio/7.0/toolchain/arm/arm-gnu-toolchain/bin/../lib/gcc/arm-none-eabi/5.3.1/../../../../arm-none-eabi/lib/armv7e-m\libc.a(lib_a-reent.o)
                0x20404868                errno
                0x2040486c                . = ALIGN (0x4)
                0x2040486c                _ebss = .
                0x2040486c                _ezero = .

.stack          0x2040486c      0x404 load address 0x00412144
                0x20404870                . = ALIGN (0x8)
 *fill*         0x2040486c        0x4 
                0x20404870                _sstack = .
                0x20404c70                . = (. + STACK_SIZE)
 *fill*         0x20404870      0x400 
                0x20404c70                . = ALIGN (0x8)
                0x20404c70                _estack = .

.heap           0x20404c70      0x200 load address 0x00412548
                0x20404c70                . = ALIGN (0x8)
                0x20404c70                _sheap = .
                0x20404e70                . = (. + HEAP_SIZE)
 *fill*         0x20404c70      0x200 
                0x20404e70                . = ALIGN (0x8)
                0x20404e70                _eheap = .
                0x20404e70                . = ALIGN (0x4)
                0x20404e70                _end = .
                0x2045ffff                _ram_end_ = ((ORIGIN (ram) + LENGTH (ram)) - 0x1)
OUTPUT(TCP_IP_TEST.elf elf32-littlearm)

.ARM.attributes
                0x00000000       0x2e
 .ARM.attributes
                0x00000000       0x1e c:/program files (x86)/atmel/studio/7.0/toolchain/arm/arm-gnu-toolchain/bin/../lib/gcc/arm-none-eabi/5.3.1/armv7e-m/crti.o
 .ARM.attributes
                0x0000001e       0x2e c:/program files (x86)/atmel/studio/7.0/toolchain/arm/arm-gnu-toolchain/bin/../lib/gcc/arm-none-eabi/5.3.1/armv7e-m/crtbegin.o
 .ARM.attributes
                0x0000004c       0x37 src/ASF/common/services/clock/same70/sysclk.o
 .ARM.attributes
                0x00000083       0x37 src/ASF/common/utils/interrupt/interrupt_sam_nvic.o
 .ARM.attributes
                0x000000ba       0x37 src/ASF/common/utils/stdio/read.o
 .ARM.attributes
                0x000000f1       0x37 src/ASF/common/utils/stdio/write.o
 .ARM.attributes
                0x00000128       0x37 src/ASF/sam/boards/same70_xplained/init.o
 .ARM.attributes
                0x0000015f       0x37 src/ASF/sam/components/ethernet_phy/ksz8081rna/ethernet_phy.o
 .ARM.attributes
                0x00000196       0x37 src/ASF/sam/drivers/gmac/gmac_phy.o
 .ARM.attributes
                0x000001cd       0x37 src/ASF/sam/drivers/pio/pio.o
 .ARM.attributes
                0x00000204       0x37 src/ASF/sam/drivers/pio/pio_handler.o
 .ARM.attributes
                0x0000023b       0x37 src/ASF/sam/drivers/pmc/pmc.o
 .ARM.attributes
                0x00000272       0x37 src/ASF/sam/drivers/tc/tc.o
 .ARM.attributes
                0x000002a9       0x37 src/ASF/sam/drivers/uart/uart.o
 .ARM.attributes
                0x000002e0       0x37 src/ASF/sam/drivers/usart/usart.o
 .ARM.attributes
                0x00000317       0x37 src/ASF/sam/utils/cmsis/same70/source/templates/gcc/startup_same70.o
 .ARM.attributes
                0x0000034e       0x37 src/ASF/sam/utils/cmsis/same70/source/templates/system_same70.o
 .ARM.attributes
                0x00000385       0x37 src/ASF/sam/utils/syscalls/gcc/syscalls.o
 .ARM.attributes
                0x000003bc       0x37 src/ASF/thirdparty/lwip/lwip-1.4.1/src/core/def.o
 .ARM.attributes
                0x000003f3       0x37 src/ASF/thirdparty/lwip/lwip-1.4.1/src/core/ipv4/icmp.o
 .ARM.attributes
                0x0000042a       0x37 src/ASF/thirdparty/lwip/lwip-1.4.1/src/core/ipv4/inet_chksum.o
 .ARM.attributes
                0x00000461       0x37 src/ASF/thirdparty/lwip/lwip-1.4.1/src/core/ipv4/ip.o
 .ARM.attributes
                0x00000498       0x37 src/ASF/thirdparty/lwip/lwip-1.4.1/src/core/ipv4/ip_addr.o
 .ARM.attributes
                0x000004cf       0x37 src/ASF/thirdparty/lwip/lwip-1.4.1/src/core/ipv4/ip_frag.o
 .ARM.attributes
                0x00000506       0x37 src/ASF/thirdparty/lwip/lwip-1.4.1/src/core/lwip_init.o
 .ARM.attributes
                0x0000053d       0x37 src/ASF/thirdparty/lwip/lwip-1.4.1/src/core/lwip_timers_141.o
 .ARM.attributes
                0x00000574       0x37 src/ASF/thirdparty/lwip/lwip-1.4.1/src/core/mem.o
 .ARM.attributes
                0x000005ab       0x37 src/ASF/thirdparty/lwip/lwip-1.4.1/src/core/memp.o
 .ARM.attributes
                0x000005e2       0x37 src/ASF/thirdparty/lwip/lwip-1.4.1/src/core/netif.o
 .ARM.attributes
                0x00000619       0x37 src/ASF/thirdparty/lwip/lwip-1.4.1/src/core/pbuf.o
 .ARM.attributes
                0x00000650       0x37 src/ASF/thirdparty/lwip/lwip-1.4.1/src/core/tcp.o
 .ARM.attributes
                0x00000687       0x37 src/ASF/thirdparty/lwip/lwip-1.4.1/src/core/tcp_in.o
 .ARM.attributes
                0x000006be       0x37 src/ASF/thirdparty/lwip/lwip-1.4.1/src/core/tcp_out.o
 .ARM.attributes
                0x000006f5       0x37 src/ASF/thirdparty/lwip/lwip-1.4.1/src/core/udp.o
 .ARM.attributes
                0x0000072c       0x37 src/ASF/thirdparty/lwip/lwip-1.4.1/src/netif/etharp.o
 .ARM.attributes
                0x00000763       0x37 src/ASF/thirdparty/lwip/lwip-port-1.4.1/sam/netif/same70_gmac.o
 .ARM.attributes
                0x0000079a       0x37 src/network/ethernet.o
 .ARM.attributes
                0x000007d1       0x37 src/network/httpserver/httpd.o
 .ARM.attributes
                0x00000808       0x37 src/network/timer_mgt.o
 .ARM.attributes
                0x0000083f       0x37 src/Main.o
 .ARM.attributes
                0x00000876       0x2e c:/program files (x86)/atmel/studio/7.0/toolchain/arm/arm-gnu-toolchain/bin/../lib/gcc/arm-none-eabi/5.3.1/../../../../arm-none-eabi/lib/armv7e-m\libc.a(lib_a-impure.o)
 .ARM.attributes
                0x000008a4       0x2e c:/program files (x86)/atmel/studio/7.0/toolchain/arm/arm-gnu-toolchain/bin/../lib/gcc/arm-none-eabi/5.3.1/../../../../arm-none-eabi/lib/armv7e-m\libc.a(lib_a-init.o)
 .ARM.attributes
                0x000008d2       0x2e c:/program files (x86)/atmel/studio/7.0/toolchain/arm/arm-gnu-toolchain/bin/../lib/gcc/arm-none-eabi/5.3.1/../../../../arm-none-eabi/lib/armv7e-m\libc.a(lib_a-iprintf.o)
 .ARM.attributes
                0x00000900       0x2e c:/program files (x86)/atmel/studio/7.0/toolchain/arm/arm-gnu-toolchain/bin/../lib/gcc/arm-none-eabi/5.3.1/../../../../arm-none-eabi/lib/armv7e-m\libc.a(lib_a-memcmp.o)
 .ARM.attributes
                0x0000092e       0x1c c:/program files (x86)/atmel/studio/7.0/toolchain/arm/arm-gnu-toolchain/bin/../lib/gcc/arm-none-eabi/5.3.1/../../../../arm-none-eabi/lib/armv7e-m\libc.a(lib_a-memcpy.o)
 .ARM.attributes
                0x0000094a       0x2e c:/program files (x86)/atmel/studio/7.0/toolchain/arm/arm-gnu-toolchain/bin/../lib/gcc/arm-none-eabi/5.3.1/../../../../arm-none-eabi/lib/armv7e-m\libc.a(lib_a-memset.o)
 .ARM.attributes
                0x00000978       0x2e c:/program files (x86)/atmel/studio/7.0/toolchain/arm/arm-gnu-toolchain/bin/../lib/gcc/arm-none-eabi/5.3.1/../../../../arm-none-eabi/lib/armv7e-m\libc.a(lib_a-puts.o)
 .ARM.attributes
                0x000009a6       0x2e c:/program files (x86)/atmel/studio/7.0/toolchain/arm/arm-gnu-toolchain/bin/../lib/gcc/arm-none-eabi/5.3.1/../../../../arm-none-eabi/lib/armv7e-m\libc.a(lib_a-setbuf.o)
 .ARM.attributes
                0x000009d4       0x2e c:/program files (x86)/atmel/studio/7.0/toolchain/arm/arm-gnu-toolchain/bin/../lib/gcc/arm-none-eabi/5.3.1/../../../../arm-none-eabi/lib/armv7e-m\libc.a(lib_a-setvbuf.o)
 .ARM.attributes
                0x00000a02       0x2e c:/program files (x86)/atmel/studio/7.0/toolchain/arm/arm-gnu-toolchain/bin/../lib/gcc/arm-none-eabi/5.3.1/../../../../arm-none-eabi/lib/armv7e-m\libc.a(lib_a-strcat.o)
 .ARM.attributes
                0x00000a30       0x2e c:/program files (x86)/atmel/studio/7.0/toolchain/arm/arm-gnu-toolchain/bin/../lib/gcc/arm-none-eabi/5.3.1/../../../../arm-none-eabi/lib/armv7e-m\libc.a(lib_a-strcpy.o)
 .ARM.attributes
                0x00000a5e       0x1c c:/program files (x86)/atmel/studio/7.0/toolchain/arm/arm-gnu-toolchain/bin/../lib/gcc/arm-none-eabi/5.3.1/../../../../arm-none-eabi/lib/armv7e-m\libc.a(lib_a-strlen.o)
 .ARM.attributes
                0x00000a7a       0x2e c:/program files (x86)/atmel/studio/7.0/toolchain/arm/arm-gnu-toolchain/bin/../lib/gcc/arm-none-eabi/5.3.1/../../../../arm-none-eabi/lib/armv7e-m\libc.a(lib_a-vfiprintf.o)
 .ARM.attributes
                0x00000aa8       0x2e c:/program files (x86)/atmel/studio/7.0/toolchain/arm/arm-gnu-toolchain/bin/../lib/gcc/arm-none-eabi/5.3.1/../../../../arm-none-eabi/lib/armv7e-m\libc.a(lib_a-wsetup.o)
 .ARM.attributes
                0x00000ad6       0x2e c:/program files (x86)/atmel/studio/7.0/toolchain/arm/arm-gnu-toolchain/bin/../lib/gcc/arm-none-eabi/5.3.1/../../../../arm-none-eabi/lib/armv7e-m\libc.a(lib_a-__call_atexit.o)
 .ARM.attributes
                0x00000b04       0x2e c:/program files (x86)/atmel/studio/7.0/toolchain/arm/arm-gnu-toolchain/bin/../lib/gcc/arm-none-eabi/5.3.1/../../../../arm-none-eabi/lib/armv7e-m\libc.a(lib_a-atexit.o)
 .ARM.attributes
                0x00000b32       0x2e c:/program files (x86)/atmel/studio/7.0/toolchain/arm/arm-gnu-toolchain/bin/../lib/gcc/arm-none-eabi/5.3.1/../../../../arm-none-eabi/lib/armv7e-m\libc.a(lib_a-fflush.o)
 .ARM.attributes
                0x00000b60       0x2e c:/program files (x86)/atmel/studio/7.0/toolchain/arm/arm-gnu-toolchain/bin/../lib/gcc/arm-none-eabi/5.3.1/../../../../arm-none-eabi/lib/armv7e-m\libc.a(lib_a-findfp.o)
 .ARM.attributes
                0x00000b8e       0x2e c:/program files (x86)/atmel/studio/7.0/toolchain/arm/arm-gnu-toolchain/bin/../lib/gcc/arm-none-eabi/5.3.1/../../../../arm-none-eabi/lib/armv7e-m\libc.a(lib_a-fini.o)
 .ARM.attributes
                0x00000bbc       0x2e c:/program files (x86)/atmel/studio/7.0/toolchain/arm/arm-gnu-toolchain/bin/../lib/gcc/arm-none-eabi/5.3.1/../../../../arm-none-eabi/lib/armv7e-m\libc.a(lib_a-fputwc.o)
 .ARM.attributes
                0x00000bea       0x2e c:/program files (x86)/atmel/studio/7.0/toolchain/arm/arm-gnu-toolchain/bin/../lib/gcc/arm-none-eabi/5.3.1/../../../../arm-none-eabi/lib/armv7e-m\libc.a(lib_a-freer.o)
 .ARM.attributes
                0x00000c18       0x2e c:/program files (x86)/atmel/studio/7.0/toolchain/arm/arm-gnu-toolchain/bin/../lib/gcc/arm-none-eabi/5.3.1/../../../../arm-none-eabi/lib/armv7e-m\libc.a(lib_a-fvwrite.o)
 .ARM.attributes
                0x00000c46       0x2e c:/program files (x86)/atmel/studio/7.0/toolchain/arm/arm-gnu-toolchain/bin/../lib/gcc/arm-none-eabi/5.3.1/../../../../arm-none-eabi/lib/armv7e-m\libc.a(lib_a-fwalk.o)
 .ARM.attributes
                0x00000c74       0x2e c:/program files (x86)/atmel/studio/7.0/toolchain/arm/arm-gnu-toolchain/bin/../lib/gcc/arm-none-eabi/5.3.1/../../../../arm-none-eabi/lib/armv7e-m\libc.a(lib_a-locale.o)
 .ARM.attributes
                0x00000ca2       0x2e c:/program files (x86)/atmel/studio/7.0/toolchain/arm/arm-gnu-toolchain/bin/../lib/gcc/arm-none-eabi/5.3.1/../../../../arm-none-eabi/lib/armv7e-m\libc.a(lib_a-makebuf.o)
 .ARM.attributes
                0x00000cd0       0x2e c:/program files (x86)/atmel/studio/7.0/toolchain/arm/arm-gnu-toolchain/bin/../lib/gcc/arm-none-eabi/5.3.1/../../../../arm-none-eabi/lib/armv7e-m\libc.a(lib_a-malloc.o)
 .ARM.attributes
                0x00000cfe       0x2e c:/program files (x86)/atmel/studio/7.0/toolchain/arm/arm-gnu-toolchain/bin/../lib/gcc/arm-none-eabi/5.3.1/../../../../arm-none-eabi/lib/armv7e-m\libc.a(lib_a-mallocr.o)
 .ARM.attributes
                0x00000d2c       0x1c c:/program files (x86)/atmel/studio/7.0/toolchain/arm/arm-gnu-toolchain/bin/../lib/gcc/arm-none-eabi/5.3.1/../../../../arm-none-eabi/lib/armv7e-m\libc.a(lib_a-memchr.o)
 .ARM.attributes
                0x00000d48       0x2e c:/program files (x86)/atmel/studio/7.0/toolchain/arm/arm-gnu-toolchain/bin/../lib/gcc/arm-none-eabi/5.3.1/../../../../arm-none-eabi/lib/armv7e-m\libc.a(lib_a-memmove.o)
 .ARM.attributes
                0x00000d76       0x2e c:/program files (x86)/atmel/studio/7.0/toolchain/arm/arm-gnu-toolchain/bin/../lib/gcc/arm-none-eabi/5.3.1/../../../../arm-none-eabi/lib/armv7e-m\libc.a(lib_a-mlock.o)
 .ARM.attributes
                0x00000da4       0x2e c:/program files (x86)/atmel/studio/7.0/toolchain/arm/arm-gnu-toolchain/bin/../lib/gcc/arm-none-eabi/5.3.1/../../../../arm-none-eabi/lib/armv7e-m\libc.a(lib_a-reallocr.o)
 .ARM.attributes
                0x00000dd2       0x2e c:/program files (x86)/atmel/studio/7.0/toolchain/arm/arm-gnu-toolchain/bin/../lib/gcc/arm-none-eabi/5.3.1/../../../../arm-none-eabi/lib/armv7e-m\libc.a(lib_a-sbrkr.o)
 .ARM.attributes
                0x00000e00       0x2e c:/program files (x86)/atmel/studio/7.0/toolchain/arm/arm-gnu-toolchain/bin/../lib/gcc/arm-none-eabi/5.3.1/../../../../arm-none-eabi/lib/armv7e-m\libc.a(lib_a-stdio.o)
 .ARM.attributes
                0x00000e2e       0x2e c:/program files (x86)/atmel/studio/7.0/toolchain/arm/arm-gnu-toolchain/bin/../lib/gcc/arm-none-eabi/5.3.1/../../../../arm-none-eabi/lib/armv7e-m\libc.a(lib_a-wbuf.o)
 .ARM.attributes
                0x00000e5c       0x2e c:/program files (x86)/atmel/studio/7.0/toolchain/arm/arm-gnu-toolchain/bin/../lib/gcc/arm-none-eabi/5.3.1/../../../../arm-none-eabi/lib/armv7e-m\libc.a(lib_a-wcrtomb.o)
 .ARM.attributes
                0x00000e8a       0x2e c:/program files (x86)/atmel/studio/7.0/toolchain/arm/arm-gnu-toolchain/bin/../lib/gcc/arm-none-eabi/5.3.1/../../../../arm-none-eabi/lib/armv7e-m\libc.a(lib_a-wctomb_r.o)
 .ARM.attributes
                0x00000eb8       0x2e c:/program files (x86)/atmel/studio/7.0/toolchain/arm/arm-gnu-toolchain/bin/../lib/gcc/arm-none-eabi/5.3.1/../../../../arm-none-eabi/lib/armv7e-m\libc.a(lib_a-writer.o)
 .ARM.attributes
                0x00000ee6       0x2e c:/program files (x86)/atmel/studio/7.0/toolchain/arm/arm-gnu-toolchain/bin/../lib/gcc/arm-none-eabi/5.3.1/../../../../arm-none-eabi/lib/armv7e-m\libc.a(lib_a-__atexit.o)
 .ARM.attributes
                0x00000f14       0x2e c:/program files (x86)/atmel/studio/7.0/toolchain/arm/arm-gnu-toolchain/bin/../lib/gcc/arm-none-eabi/5.3.1/../../../../arm-none-eabi/lib/armv7e-m\libc.a(lib_a-closer.o)
 .ARM.attributes
                0x00000f42       0x2e c:/program files (x86)/atmel/studio/7.0/toolchain/arm/arm-gnu-toolchain/bin/../lib/gcc/arm-none-eabi/5.3.1/../../../../arm-none-eabi/lib/armv7e-m\libc.a(lib_a-fclose.o)
 .ARM.attributes
                0x00000f70       0x2e c:/program files (x86)/atmel/studio/7.0/toolchain/arm/arm-gnu-toolchain/bin/../lib/gcc/arm-none-eabi/5.3.1/../../../../arm-none-eabi/lib/armv7e-m\libc.a(lib_a-fstatr.o)
 .ARM.attributes
                0x00000f9e       0x2e c:/program files (x86)/atmel/studio/7.0/toolchain/arm/arm-gnu-toolchain/bin/../lib/gcc/arm-none-eabi/5.3.1/../../../../arm-none-eabi/lib/armv7e-m\libc.a(lib_a-isattyr.o)
 .ARM.attributes
                0x00000fcc       0x2e c:/program files (x86)/atmel/studio/7.0/toolchain/arm/arm-gnu-toolchain/bin/../lib/gcc/arm-none-eabi/5.3.1/../../../../arm-none-eabi/lib/armv7e-m\libc.a(lib_a-lseekr.o)
 .ARM.attributes
                0x00000ffa       0x2e c:/program files (x86)/atmel/studio/7.0/toolchain/arm/arm-gnu-toolchain/bin/../lib/gcc/arm-none-eabi/5.3.1/../../../../arm-none-eabi/lib/armv7e-m\libc.a(lib_a-readr.o)
 .ARM.attributes
                0x00001028       0x2e c:/program files (x86)/atmel/studio/7.0/toolchain/arm/arm-gnu-toolchain/bin/../lib/gcc/arm-none-eabi/5.3.1/../../../../arm-none-eabi/lib/armv7e-m\libc.a(lib_a-reent.o)
 .ARM.attributes
                0x00001056       0x1e c:/program files (x86)/atmel/studio/7.0/toolchain/arm/arm-gnu-toolchain/bin/../lib/gcc/arm-none-eabi/5.3.1/armv7e-m\libgcc.a(_aeabi_uldivmod.o)
 .ARM.attributes
                0x00001074       0x2e c:/program files (x86)/atmel/studio/7.0/toolchain/arm/arm-gnu-toolchain/bin/../lib/gcc/arm-none-eabi/5.3.1/armv7e-m\libgcc.a(_udivmoddi4.o)
 .ARM.attributes
                0x000010a2       0x1e c:/program files (x86)/atmel/studio/7.0/toolchain/arm/arm-gnu-toolchain/bin/../lib/gcc/arm-none-eabi/5.3.1/armv7e-m\libgcc.a(_dvmd_tls.o)
 .ARM.attributes
                0x000010c0       0x1e c:/program files (x86)/atmel/studio/7.0/toolchain/arm/arm-gnu-toolchain/bin/../lib/gcc/arm-none-eabi/5.3.1/armv7e-m/crtn.o

.comment        0x00000000       0x59
 .comment       0x00000000       0x59 src/ASF/common/services/clock/same70/sysclk.o
                                 0x5a (size before relaxing)
 .comment       0x00000059       0x5a src/ASF/common/utils/interrupt/interrupt_sam_nvic.o
 .comment       0x00000059       0x5a src/ASF/common/utils/stdio/read.o
 .comment       0x00000059       0x5a src/ASF/common/utils/stdio/write.o
 .comment       0x00000059       0x5a src/ASF/sam/boards/same70_xplained/init.o
 .comment       0x00000059       0x5a src/ASF/sam/components/ethernet_phy/ksz8081rna/ethernet_phy.o
 .comment       0x00000059       0x5a src/ASF/sam/drivers/gmac/gmac_phy.o
 .comment       0x00000059       0x5a src/ASF/sam/drivers/pio/pio.o
 .comment       0x00000059       0x5a src/ASF/sam/drivers/pio/pio_handler.o
 .comment       0x00000059       0x5a src/ASF/sam/drivers/pmc/pmc.o
 .comment       0x00000059       0x5a src/ASF/sam/drivers/tc/tc.o
 .comment       0x00000059       0x5a src/ASF/sam/drivers/uart/uart.o
 .comment       0x00000059       0x5a src/ASF/sam/drivers/usart/usart.o
 .comment       0x00000059       0x5a src/ASF/sam/utils/cmsis/same70/source/templates/gcc/startup_same70.o
 .comment       0x00000059       0x5a src/ASF/sam/utils/cmsis/same70/source/templates/system_same70.o
 .comment       0x00000059       0x5a src/ASF/sam/utils/syscalls/gcc/syscalls.o
 .comment       0x00000059       0x5a src/ASF/thirdparty/lwip/lwip-1.4.1/src/core/def.o
 .comment       0x00000059       0x5a src/ASF/thirdparty/lwip/lwip-1.4.1/src/core/ipv4/icmp.o
 .comment       0x00000059       0x5a src/ASF/thirdparty/lwip/lwip-1.4.1/src/core/ipv4/inet_chksum.o
 .comment       0x00000059       0x5a src/ASF/thirdparty/lwip/lwip-1.4.1/src/core/ipv4/ip.o
 .comment       0x00000059       0x5a src/ASF/thirdparty/lwip/lwip-1.4.1/src/core/ipv4/ip_addr.o
 .comment       0x00000059       0x5a src/ASF/thirdparty/lwip/lwip-1.4.1/src/core/ipv4/ip_frag.o
 .comment       0x00000059       0x5a src/ASF/thirdparty/lwip/lwip-1.4.1/src/core/lwip_init.o
 .comment       0x00000059       0x5a src/ASF/thirdparty/lwip/lwip-1.4.1/src/core/lwip_timers_141.o
 .comment       0x00000059       0x5a src/ASF/thirdparty/lwip/lwip-1.4.1/src/core/mem.o
 .comment       0x00000059       0x5a src/ASF/thirdparty/lwip/lwip-1.4.1/src/core/memp.o
 .comment       0x00000059       0x5a src/ASF/thirdparty/lwip/lwip-1.4.1/src/core/netif.o
 .comment       0x00000059       0x5a src/ASF/thirdparty/lwip/lwip-1.4.1/src/core/pbuf.o
 .comment       0x00000059       0x5a src/ASF/thirdparty/lwip/lwip-1.4.1/src/core/tcp.o
 .comment       0x00000059       0x5a src/ASF/thirdparty/lwip/lwip-1.4.1/src/core/tcp_in.o
 .comment       0x00000059       0x5a src/ASF/thirdparty/lwip/lwip-1.4.1/src/core/tcp_out.o
 .comment       0x00000059       0x5a src/ASF/thirdparty/lwip/lwip-1.4.1/src/core/udp.o
 .comment       0x00000059       0x5a src/ASF/thirdparty/lwip/lwip-1.4.1/src/netif/etharp.o
 .comment       0x00000059       0x5a src/ASF/thirdparty/lwip/lwip-port-1.4.1/sam/netif/same70_gmac.o
 .comment       0x00000059       0x5a src/network/ethernet.o
 .comment       0x00000059       0x5a src/network/httpserver/httpd.o
 .comment       0x00000059       0x5a src/network/timer_mgt.o
 .comment       0x00000059       0x5a src/Main.o

.debug_frame    0x00000000      0xd10
 .debug_frame   0x00000000       0x2c c:/program files (x86)/atmel/studio/7.0/toolchain/arm/arm-gnu-toolchain/bin/../lib/gcc/arm-none-eabi/5.3.1/../../../../arm-none-eabi/lib/armv7e-m\libc.a(lib_a-init.o)
 .debug_frame   0x0000002c       0x74 c:/program files (x86)/atmel/studio/7.0/toolchain/arm/arm-gnu-toolchain/bin/../lib/gcc/arm-none-eabi/5.3.1/../../../../arm-none-eabi/lib/armv7e-m\libc.a(lib_a-iprintf.o)